/home/ayelet/miniconda3/envs/digby/lib/python3.9/site-packages/sqlalchemy/sql/sqltypes.py:661: SAWarning: Dialect sqlite+pysqlite does *not* support Decimal objects natively, and SQLAlchemy must convert from floating point - rounding errors and other issues may occur. Please consider storing Decimal numbers as strings or integers on this platform for lossless storage.
  util.warn(
status: Importing reference alleles
status: Importing studies
Processing airr sample P1_I100_S1
Processing airr sample P1_I10_S1
Processing airr sample P1_I11_S1
Processing airr sample P1_I12_S1
Processing airr sample P1_I13_S1
Processing airr sample P1_I14_S1
Processing airr sample P1_I15_S1
Processing airr sample P1_I16_S1
Processing airr sample P1_I17_S1
Processing airr sample P1_I18_S1
Processing airr sample P1_I19_S1
Processing airr sample P1_I1_S1
Processing airr sample P1_I20_S1
Processing airr sample P1_I21_S1
Processing airr sample P1_I22_S1
Processing airr sample P1_I23_S1
Processing airr sample P1_I24_S1
Processing airr sample P1_I25_S1
Processing airr sample P1_I26_S1
Processing airr sample P1_I27_S1
Processing airr sample P1_I28_S1
Processing airr sample P1_I29_S1
Processing airr sample P1_I2_S1
Processing airr sample P1_I30_S1
Processing airr sample P1_I31_S1
Processing airr sample P1_I32_S1
Processing airr sample P1_I33_S1
Processing airr sample P1_I34_S1
Processing airr sample P1_I35_S1
Processing airr sample P1_I36_S1
Processing airr sample P1_I37_S1
Processing airr sample P1_I38_S1
Processing airr sample P1_I39_S1
Processing airr sample P1_I3_S1
Processing airr sample P1_I40_S1
Processing airr sample P1_I41_S1
Processing airr sample P1_I42_S1
Processing airr sample P1_I43_S1
Processing airr sample P1_I44_S1
Processing airr sample P1_I45_S1
Processing airr sample P1_I46_S1
Processing airr sample P1_I47_S1
Processing airr sample P1_I48_S1
Processing airr sample P1_I49_S1
Processing airr sample P1_I4_S1
Processing airr sample P1_I50_S1
Processing airr sample P1_I51_S1
Processing airr sample P1_I52_S1
Processing airr sample P1_I53_S1
Processing airr sample P1_I54_S1
Processing airr sample P1_I55_S1
Processing airr sample P1_I56_S1
Processing airr sample P1_I57_S1
Processing airr sample P1_I58_S1
Processing airr sample P1_I59_S1
Processing airr sample P1_I5_S1
Processing airr sample P1_I60_S1
Processing airr sample P1_I61_S1
Processing airr sample P1_I62_S1
Processing airr sample P1_I63_S1
Processing airr sample P1_I64_S1
Processing airr sample P1_I65_S1
Processing airr sample P1_I66_S1
Processing airr sample P1_I67_S1
Processing airr sample P1_I68_S1
Processing airr sample P1_I69_S1
Processing airr sample P1_I6_S1
Processing airr sample P1_I70_S1
Processing airr sample P1_I71_S1
Processing airr sample P1_I72_S1
Processing airr sample P1_I73_S1
Processing airr sample P1_I74_S1
Processing airr sample P1_I75_S1
Processing airr sample P1_I76_S1
Processing airr sample P1_I77_S1
Processing airr sample P1_I78_S1
Processing airr sample P1_I79_S1
Processing airr sample P1_I7_S1
Processing airr sample P1_I80_S1
Processing airr sample P1_I81_S1
Processing airr sample P1_I82_S1
Processing airr sample P1_I83_S1
Processing airr sample P1_I84_S1
Processing airr sample P1_I85_S1
Processing airr sample P1_I86_S1
Processing airr sample P1_I87_S1
Processing airr sample P1_I88_S1
Processing airr sample P1_I89_S1
Processing airr sample P1_I8_S1
Processing airr sample P1_I90_S1
Processing airr sample P1_I91_S1
Processing airr sample P1_I92_S1
Processing airr sample P1_I93_S1
Processing airr sample P1_I94_S1
Processing airr sample P1_I95_S1
Processing airr sample P1_I96_S1
Processing airr sample P1_I97_S1
Processing airr sample P1_I99_S1
Processing airr sample P1_I9_S1
Committing metadata for sample P1_I100_S1
Committing metadata for sample P1_I10_S1
Committing metadata for sample P1_I11_S1
Committing metadata for sample P1_I12_S1
Committing metadata for sample P1_I13_S1
Committing metadata for sample P1_I14_S1
Committing metadata for sample P1_I15_S1
Committing metadata for sample P1_I16_S1
Committing metadata for sample P1_I17_S1
Committing metadata for sample P1_I18_S1
Committing metadata for sample P1_I19_S1
Committing metadata for sample P1_I1_S1
Committing metadata for sample P1_I20_S1
Committing metadata for sample P1_I21_S1
Committing metadata for sample P1_I22_S1
Committing metadata for sample P1_I23_S1
Committing metadata for sample P1_I24_S1
Committing metadata for sample P1_I25_S1
Committing metadata for sample P1_I26_S1
Committing metadata for sample P1_I27_S1
Committing metadata for sample P1_I28_S1
Committing metadata for sample P1_I29_S1
Committing metadata for sample P1_I2_S1
Committing metadata for sample P1_I30_S1
Committing metadata for sample P1_I31_S1
Committing metadata for sample P1_I32_S1
Committing metadata for sample P1_I33_S1
Committing metadata for sample P1_I34_S1
Committing metadata for sample P1_I35_S1
Committing metadata for sample P1_I36_S1
Committing metadata for sample P1_I37_S1
Committing metadata for sample P1_I38_S1
Committing metadata for sample P1_I39_S1
Committing metadata for sample P1_I3_S1
Committing metadata for sample P1_I40_S1
Committing metadata for sample P1_I41_S1
Committing metadata for sample P1_I42_S1
Committing metadata for sample P1_I43_S1
Committing metadata for sample P1_I44_S1
Committing metadata for sample P1_I45_S1
Committing metadata for sample P1_I46_S1
Committing metadata for sample P1_I47_S1
Committing metadata for sample P1_I48_S1
Committing metadata for sample P1_I49_S1
Committing metadata for sample P1_I4_S1
Committing metadata for sample P1_I50_S1
Committing metadata for sample P1_I51_S1
Committing metadata for sample P1_I52_S1
Committing metadata for sample P1_I53_S1
Committing metadata for sample P1_I54_S1
Committing metadata for sample P1_I55_S1
Committing metadata for sample P1_I56_S1
Committing metadata for sample P1_I57_S1
Committing metadata for sample P1_I58_S1
Committing metadata for sample P1_I59_S1
Committing metadata for sample P1_I5_S1
Committing metadata for sample P1_I60_S1
Committing metadata for sample P1_I61_S1
Committing metadata for sample P1_I62_S1
Committing metadata for sample P1_I63_S1
Committing metadata for sample P1_I64_S1
Committing metadata for sample P1_I65_S1
Committing metadata for sample P1_I66_S1
Committing metadata for sample P1_I67_S1
Committing metadata for sample P1_I68_S1
Committing metadata for sample P1_I69_S1
Committing metadata for sample P1_I6_S1
Committing metadata for sample P1_I70_S1
Committing metadata for sample P1_I71_S1
Committing metadata for sample P1_I72_S1
Committing metadata for sample P1_I73_S1
Committing metadata for sample P1_I74_S1
Committing metadata for sample P1_I75_S1
Committing metadata for sample P1_I76_S1
Committing metadata for sample P1_I77_S1
Committing metadata for sample P1_I78_S1
Committing metadata for sample P1_I79_S1
Committing metadata for sample P1_I7_S1
Committing metadata for sample P1_I80_S1
Committing metadata for sample P1_I81_S1
Committing metadata for sample P1_I82_S1
Committing metadata for sample P1_I83_S1
Committing metadata for sample P1_I84_S1
Committing metadata for sample P1_I85_S1
Committing metadata for sample P1_I86_S1
Committing metadata for sample P1_I87_S1
Committing metadata for sample P1_I88_S1
Committing metadata for sample P1_I89_S1
Committing metadata for sample P1_I8_S1
Committing metadata for sample P1_I90_S1
Committing metadata for sample P1_I91_S1
Committing metadata for sample P1_I92_S1
Committing metadata for sample P1_I93_S1
Committing metadata for sample P1_I94_S1
Committing metadata for sample P1_I95_S1
Committing metadata for sample P1_I96_S1
Committing metadata for sample P1_I97_S1
Committing metadata for sample P1_I99_S1
Committing metadata for sample P1_I9_S1
Processing airr sample P35_I10_S1
Processing airr sample P35_I11_S1
Processing airr sample P35_I12_S1
Processing airr sample P35_I13_S1
Processing airr sample P35_I14_S1
Processing airr sample P35_I15_S1
Processing airr sample P35_I16_S1
Processing airr sample P35_I17_S1
Processing airr sample P35_I18_S1
Processing airr sample P35_I19_S1
Processing airr sample P35_I1_S1
Processing airr sample P35_I20_S1
Processing airr sample P35_I21_S1
Processing airr sample P35_I22_S1
Processing airr sample P35_I23_S1
Processing airr sample P35_I24_S1
Processing airr sample P35_I25_S1
Processing airr sample P35_I26_S1
Processing airr sample P35_I28_S1
Processing airr sample P35_I29_S1
Processing airr sample P35_I2_S1
Processing airr sample P35_I30_S1
Processing airr sample P35_I31_S1
Processing airr sample P35_I32_S1
Processing airr sample P35_I33_S1
Processing airr sample P35_I34_S1
Processing airr sample P35_I35_S1
Processing airr sample P35_I36_S1
Processing airr sample P35_I37_S1
Processing airr sample P35_I38_S1
Processing airr sample P35_I39_S1
Processing airr sample P35_I3_S1
Processing airr sample P35_I40_S1
Processing airr sample P35_I41_S1
Processing airr sample P35_I42_S1
Processing airr sample P35_I43_S1
Processing airr sample P35_I4_S1
Processing airr sample P35_I5_S1
Processing airr sample P35_I6_S1
Processing airr sample P35_I7_S1
Processing airr sample P35_I8_S1
Processing airr sample P35_I9_S1
Committing metadata for sample P35_I10_S1
Committing metadata for sample P35_I11_S1
Committing metadata for sample P35_I12_S1
Committing metadata for sample P35_I13_S1
Committing metadata for sample P35_I14_S1
Committing metadata for sample P35_I15_S1
Committing metadata for sample P35_I16_S1
Committing metadata for sample P35_I17_S1
Committing metadata for sample P35_I18_S1
Committing metadata for sample P35_I19_S1
Committing metadata for sample P35_I1_S1
Committing metadata for sample P35_I20_S1
Committing metadata for sample P35_I21_S1
Committing metadata for sample P35_I22_S1
Committing metadata for sample P35_I23_S1
Committing metadata for sample P35_I24_S1
Committing metadata for sample P35_I25_S1
Committing metadata for sample P35_I26_S1
Committing metadata for sample P35_I28_S1
Committing metadata for sample P35_I29_S1
Committing metadata for sample P35_I2_S1
Committing metadata for sample P35_I30_S1
Committing metadata for sample P35_I31_S1
Committing metadata for sample P35_I32_S1
Committing metadata for sample P35_I33_S1
Committing metadata for sample P35_I34_S1
Committing metadata for sample P35_I35_S1
Committing metadata for sample P35_I36_S1
Committing metadata for sample P35_I37_S1
Committing metadata for sample P35_I38_S1
Committing metadata for sample P35_I39_S1
Committing metadata for sample P35_I3_S1
Committing metadata for sample P35_I40_S1
Committing metadata for sample P35_I41_S1
Committing metadata for sample P35_I42_S1
Committing metadata for sample P35_I43_S1
Committing metadata for sample P35_I4_S1
Committing metadata for sample P35_I5_S1
Committing metadata for sample P35_I6_S1
Committing metadata for sample P35_I7_S1
Committing metadata for sample P35_I8_S1
Committing metadata for sample P35_I9_S1
Processing airr sample P17_I1_S1
Processing airr sample P17_I2_S1
Processing airr sample P17_I3_S1
Processing airr sample P17_I4_S1
Processing airr sample P17_I5_S1
Processing airr sample P17_I6_S1
Processing airr sample P17_I7_S1
Processing airr sample P17_I8_S1
Processing airr sample P17_I9_S1
Processing airr sample P17_I10_S1
Processing airr sample P17_I11_S1
Processing airr sample P17_I12_S1
Processing airr sample P17_I13_S1
Processing airr sample P17_I14_S1
Processing airr sample P17_I15_S1
Committing metadata for sample P17_I1_S1
Committing metadata for sample P17_I2_S1
Committing metadata for sample P17_I3_S1
Committing metadata for sample P17_I4_S1
Committing metadata for sample P17_I5_S1
Committing metadata for sample P17_I6_S1
Committing metadata for sample P17_I7_S1
Committing metadata for sample P17_I8_S1
Committing metadata for sample P17_I9_S1
Committing metadata for sample P17_I10_S1
Committing metadata for sample P17_I11_S1
Committing metadata for sample P17_I12_S1
Committing metadata for sample P17_I13_S1
Committing metadata for sample P17_I14_S1
Committing metadata for sample P17_I15_S1
Processing airr sample P28_I100_S1
Processing airr sample P28_I102_S1
Processing airr sample P28_I103_S1
Processing airr sample P28_I104_S1
Processing airr sample P28_I105_S1
Processing airr sample P28_I106_S1
Processing airr sample P28_I107_S1
Processing airr sample P28_I108_S1
Processing airr sample P28_I109_S1
Processing airr sample P28_I10_S1
Processing airr sample P28_I110_S1
Processing airr sample P28_I111_S1
Processing airr sample P28_I112_S1
Processing airr sample P28_I113_S1
Processing airr sample P28_I115_S1
Processing airr sample P28_I116_S1
Processing airr sample P28_I117_S1
Processing airr sample P28_I118_S1
Processing airr sample P28_I119_S1
Processing airr sample P28_I11_S1
Processing airr sample P28_I120_S1
Processing airr sample P28_I121_S1
Processing airr sample P28_I123_S1
Processing airr sample P28_I124_S1
Processing airr sample P28_I125_S1
Processing airr sample P28_I126_S1
Processing airr sample P28_I127_S1
Processing airr sample P28_I128_S1
Processing airr sample P28_I129_S1
Processing airr sample P28_I130_S1
Processing airr sample P28_I131_S1
Processing airr sample P28_I132_S1
Processing airr sample P28_I133_S1
Processing airr sample P28_I134_S1
Processing airr sample P28_I135_S1
Processing airr sample P28_I136_S1
Processing airr sample P28_I137_S1
Processing airr sample P28_I138_S1
Processing airr sample P28_I139_S1
Processing airr sample P28_I13_S1
Processing airr sample P28_I140_S1
Processing airr sample P28_I141_S1
Processing airr sample P28_I142_S1
Processing airr sample P28_I143_S1
Processing airr sample P28_I145_S1
Processing airr sample P28_I146_S1
Processing airr sample P28_I147_S1
Processing airr sample P28_I149_S1
Processing airr sample P28_I14_S1
Processing airr sample P28_I151_S1
Processing airr sample P28_I152_S1
Processing airr sample P28_I153_S1
Processing airr sample P28_I154_S1
Processing airr sample P28_I155_S1
Processing airr sample P28_I156_S1
Processing airr sample P28_I157_S1
Processing airr sample P28_I158_S1
Processing airr sample P28_I159_S1
Processing airr sample P28_I160_S1
Processing airr sample P28_I161_S1
Processing airr sample P28_I162_S1
Processing airr sample P28_I163_S1
Processing airr sample P28_I164_S1
Processing airr sample P28_I165_S1
Processing airr sample P28_I166_S1
Processing airr sample P28_I167_S1
Processing airr sample P28_I168_S1
Processing airr sample P28_I169_S1
Processing airr sample P28_I16_S1
Processing airr sample P28_I170_S1
Processing airr sample P28_I171_S1
Processing airr sample P28_I172_S1
Processing airr sample P28_I173_S1
Processing airr sample P28_I174_S1
Processing airr sample P28_I175_S1
Processing airr sample P28_I176_S1
Processing airr sample P28_I17_S1
Processing airr sample P28_I18_S1
Processing airr sample P28_I19_S1
Processing airr sample P28_I1_S1
Processing airr sample P28_I20_S1
Processing airr sample P28_I21_S1
Processing airr sample P28_I22_S1
Processing airr sample P28_I23_S1
Processing airr sample P28_I24_S1
Processing airr sample P28_I25_S1
Processing airr sample P28_I26_S1
Processing airr sample P28_I27_S1
Processing airr sample P28_I28_S1
Processing airr sample P28_I29_S1
Processing airr sample P28_I2_S1
Processing airr sample P28_I30_S1
Processing airr sample P28_I32_S1
Processing airr sample P28_I34_S1
Processing airr sample P28_I35_S1
Processing airr sample P28_I36_S1
Processing airr sample P28_I37_S1
Processing airr sample P28_I39_S1
Processing airr sample P28_I40_S1
Processing airr sample P28_I41_S1
Processing airr sample P28_I42_S1
Processing airr sample P28_I43_S1
Processing airr sample P28_I44_S1
Processing airr sample P28_I45_S1
Processing airr sample P28_I46_S1
Processing airr sample P28_I48_S1
Processing airr sample P28_I49_S1
Processing airr sample P28_I4_S1
Processing airr sample P28_I50_S1
Processing airr sample P28_I51_S1
Processing airr sample P28_I52_S1
Processing airr sample P28_I53_S1
Processing airr sample P28_I54_S1
Processing airr sample P28_I57_S1
Processing airr sample P28_I58_S1
Processing airr sample P28_I59_S1
Processing airr sample P28_I5_S1
Processing airr sample P28_I60_S1
Processing airr sample P28_I61_S1
Processing airr sample P28_I62_S1
Processing airr sample P28_I63_S1
Processing airr sample P28_I64_S1
Processing airr sample P28_I65_S1
Processing airr sample P28_I66_S1
Processing airr sample P28_I67_S1
Processing airr sample P28_I68_S1
Processing airr sample P28_I69_S1
Processing airr sample P28_I6_S1
Processing airr sample P28_I70_S1
Processing airr sample P28_I71_S1
Processing airr sample P28_I72_S1
Processing airr sample P28_I73_S1
Processing airr sample P28_I74_S1
Processing airr sample P28_I75_S1
Processing airr sample P28_I76_S1
Processing airr sample P28_I77_S1
Processing airr sample P28_I78_S1
Processing airr sample P28_I79_S1
Processing airr sample P28_I7_S1
Processing airr sample P28_I81_S1
Processing airr sample P28_I82_S1
Processing airr sample P28_I83_S1
Processing airr sample P28_I85_S1
Processing airr sample P28_I86_S1
Processing airr sample P28_I87_S1
Processing airr sample P28_I88_S1
Processing airr sample P28_I89_S1
Processing airr sample P28_I90_S1
Processing airr sample P28_I91_S1
Processing airr sample P28_I92_S1
Processing airr sample P28_I93_S1
Processing airr sample P28_I94_S1
Processing airr sample P28_I95_S1
Processing airr sample P28_I96_S1
Processing airr sample P28_I97_S1
Processing airr sample P28_I98_S1
Processing airr sample P28_I99_S1
Processing airr sample P28_I9_S1
Committing metadata for sample P28_I100_S1
Committing metadata for sample P28_I102_S1
Committing metadata for sample P28_I103_S1
Committing metadata for sample P28_I104_S1
Committing metadata for sample P28_I105_S1
Committing metadata for sample P28_I106_S1
Committing metadata for sample P28_I107_S1
Committing metadata for sample P28_I108_S1
Committing metadata for sample P28_I109_S1
Committing metadata for sample P28_I10_S1
Committing metadata for sample P28_I110_S1
Committing metadata for sample P28_I111_S1
Committing metadata for sample P28_I112_S1
Committing metadata for sample P28_I113_S1
Committing metadata for sample P28_I115_S1
Committing metadata for sample P28_I116_S1
Committing metadata for sample P28_I117_S1
Committing metadata for sample P28_I118_S1
Committing metadata for sample P28_I119_S1
Committing metadata for sample P28_I11_S1
Committing metadata for sample P28_I120_S1
Committing metadata for sample P28_I121_S1
Committing metadata for sample P28_I123_S1
Committing metadata for sample P28_I124_S1
Committing metadata for sample P28_I125_S1
Committing metadata for sample P28_I126_S1
Committing metadata for sample P28_I127_S1
Committing metadata for sample P28_I128_S1
Committing metadata for sample P28_I129_S1
Committing metadata for sample P28_I130_S1
Committing metadata for sample P28_I131_S1
Committing metadata for sample P28_I132_S1
Committing metadata for sample P28_I133_S1
Committing metadata for sample P28_I134_S1
Committing metadata for sample P28_I135_S1
Committing metadata for sample P28_I136_S1
Committing metadata for sample P28_I137_S1
Committing metadata for sample P28_I138_S1
Committing metadata for sample P28_I139_S1
Committing metadata for sample P28_I13_S1
Committing metadata for sample P28_I140_S1
Committing metadata for sample P28_I141_S1
Committing metadata for sample P28_I142_S1
Committing metadata for sample P28_I143_S1
Committing metadata for sample P28_I145_S1
Committing metadata for sample P28_I146_S1
Committing metadata for sample P28_I147_S1
Committing metadata for sample P28_I149_S1
Committing metadata for sample P28_I14_S1
Committing metadata for sample P28_I151_S1
Committing metadata for sample P28_I152_S1
Committing metadata for sample P28_I153_S1
Committing metadata for sample P28_I154_S1
Committing metadata for sample P28_I155_S1
Committing metadata for sample P28_I156_S1
Committing metadata for sample P28_I157_S1
Committing metadata for sample P28_I158_S1
Committing metadata for sample P28_I159_S1
Committing metadata for sample P28_I160_S1
Committing metadata for sample P28_I161_S1
Committing metadata for sample P28_I162_S1
Committing metadata for sample P28_I163_S1
Committing metadata for sample P28_I164_S1
Committing metadata for sample P28_I165_S1
Committing metadata for sample P28_I166_S1
Committing metadata for sample P28_I167_S1
Committing metadata for sample P28_I168_S1
Committing metadata for sample P28_I169_S1
Committing metadata for sample P28_I16_S1
Committing metadata for sample P28_I170_S1
Committing metadata for sample P28_I171_S1
Committing metadata for sample P28_I172_S1
Committing metadata for sample P28_I173_S1
Committing metadata for sample P28_I174_S1
Committing metadata for sample P28_I175_S1
Committing metadata for sample P28_I176_S1
Committing metadata for sample P28_I17_S1
Committing metadata for sample P28_I18_S1
Committing metadata for sample P28_I19_S1
Committing metadata for sample P28_I1_S1
Committing metadata for sample P28_I20_S1
Committing metadata for sample P28_I21_S1
Committing metadata for sample P28_I22_S1
Committing metadata for sample P28_I23_S1
Committing metadata for sample P28_I24_S1
Committing metadata for sample P28_I25_S1
Committing metadata for sample P28_I26_S1
Committing metadata for sample P28_I27_S1
Committing metadata for sample P28_I28_S1
Committing metadata for sample P28_I29_S1
Committing metadata for sample P28_I2_S1
Committing metadata for sample P28_I30_S1
Committing metadata for sample P28_I32_S1
Committing metadata for sample P28_I34_S1
Committing metadata for sample P28_I35_S1
Committing metadata for sample P28_I36_S1
Committing metadata for sample P28_I37_S1
Committing metadata for sample P28_I39_S1
Committing metadata for sample P28_I40_S1
Committing metadata for sample P28_I41_S1
Committing metadata for sample P28_I42_S1
Committing metadata for sample P28_I43_S1
Committing metadata for sample P28_I44_S1
Committing metadata for sample P28_I45_S1
Committing metadata for sample P28_I46_S1
Committing metadata for sample P28_I48_S1
Committing metadata for sample P28_I49_S1
Committing metadata for sample P28_I4_S1
Committing metadata for sample P28_I50_S1
Committing metadata for sample P28_I51_S1
Committing metadata for sample P28_I52_S1
Committing metadata for sample P28_I53_S1
Committing metadata for sample P28_I54_S1
Committing metadata for sample P28_I57_S1
Committing metadata for sample P28_I58_S1
Committing metadata for sample P28_I59_S1
Committing metadata for sample P28_I5_S1
Committing metadata for sample P28_I60_S1
Committing metadata for sample P28_I61_S1
Committing metadata for sample P28_I62_S1
Committing metadata for sample P28_I63_S1
Committing metadata for sample P28_I64_S1
Committing metadata for sample P28_I65_S1
Committing metadata for sample P28_I66_S1
Committing metadata for sample P28_I67_S1
Committing metadata for sample P28_I68_S1
Committing metadata for sample P28_I69_S1
Committing metadata for sample P28_I6_S1
Committing metadata for sample P28_I70_S1
Committing metadata for sample P28_I71_S1
Committing metadata for sample P28_I72_S1
Committing metadata for sample P28_I73_S1
Committing metadata for sample P28_I74_S1
Committing metadata for sample P28_I75_S1
Committing metadata for sample P28_I76_S1
Committing metadata for sample P28_I77_S1
Committing metadata for sample P28_I78_S1
Committing metadata for sample P28_I79_S1
Committing metadata for sample P28_I7_S1
Committing metadata for sample P28_I81_S1
Committing metadata for sample P28_I82_S1
Committing metadata for sample P28_I83_S1
Committing metadata for sample P28_I85_S1
Committing metadata for sample P28_I86_S1
Committing metadata for sample P28_I87_S1
Committing metadata for sample P28_I88_S1
Committing metadata for sample P28_I89_S1
Committing metadata for sample P28_I90_S1
Committing metadata for sample P28_I91_S1
Committing metadata for sample P28_I92_S1
Committing metadata for sample P28_I93_S1
Committing metadata for sample P28_I94_S1
Committing metadata for sample P28_I95_S1
Committing metadata for sample P28_I96_S1
Committing metadata for sample P28_I97_S1
Committing metadata for sample P28_I98_S1
Committing metadata for sample P28_I99_S1
Committing metadata for sample P28_I9_S1
status: Processing deleted alleles
status: Processing genotypes
/mnt/data/BIU Dropbox/Ayelet Peres/vdjbase_github/digby_data/AIRR-seq/Human/IGK/samples/P1/P1_I100_S1/P1_I100_S1_genotype.tsv
adding similar allele IGKV1-37*01
adding  allele IGKV3-15*01_a223c
/mnt/data/BIU Dropbox/Ayelet Peres/vdjbase_github/digby_data/AIRR-seq/Human/IGK/samples/P1/P1_I10_S1/P1_I10_S1_genotype.tsv
/mnt/data/BIU Dropbox/Ayelet Peres/vdjbase_github/digby_data/AIRR-seq/Human/IGK/samples/P1/P1_I11_S1/P1_I11_S1_genotype.tsv
/mnt/data/BIU Dropbox/Ayelet Peres/vdjbase_github/digby_data/AIRR-seq/Human/IGK/samples/P1/P1_I12_S1/P1_I12_S1_genotype.tsv
adding  allele IGKV1-12*01_t333g
adding  allele IGKV1D-33*01_t333g
adding  allele IGKV3-15*01_g107a
adding  allele IGKV4-1*01_t333g
/mnt/data/BIU Dropbox/Ayelet Peres/vdjbase_github/digby_data/AIRR-seq/Human/IGK/samples/P1/P1_I13_S1/P1_I13_S1_genotype.tsv
adding  allele IGKV3-11*01_a223c
/mnt/data/BIU Dropbox/Ayelet Peres/vdjbase_github/digby_data/AIRR-seq/Human/IGK/samples/P1/P1_I14_S1/P1_I14_S1_genotype.tsv
/mnt/data/BIU Dropbox/Ayelet Peres/vdjbase_github/digby_data/AIRR-seq/Human/IGK/samples/P1/P1_I15_S1/P1_I15_S1_genotype.tsv
adding  allele IGKV1-12*01_c74t
/mnt/data/BIU Dropbox/Ayelet Peres/vdjbase_github/digby_data/AIRR-seq/Human/IGK/samples/P1/P1_I16_S1/P1_I16_S1_genotype.tsv
/mnt/data/BIU Dropbox/Ayelet Peres/vdjbase_github/digby_data/AIRR-seq/Human/IGK/samples/P1/P1_I17_S1/P1_I17_S1_genotype.tsv
adding  allele IGKV1-13*01_g9a_g53c_g83t_g107c_g110a_g112a_t114c_a123g_a151g_g153c_g159c_a164t_c170t_g197c_g201a_g202c_t220a_a222c_g225c_g239t_a240c_a271g_g275c_c276t_a277g_a300g_t306c_g318c_t320a_a325g_t327c
/mnt/data/BIU Dropbox/Ayelet Peres/vdjbase_github/digby_data/AIRR-seq/Human/IGK/samples/P1/P1_I18_S1/P1_I18_S1_genotype.tsv
/mnt/data/BIU Dropbox/Ayelet Peres/vdjbase_github/digby_data/AIRR-seq/Human/IGK/samples/P1/P1_I19_S1/P1_I19_S1_genotype.tsv
/mnt/data/BIU Dropbox/Ayelet Peres/vdjbase_github/digby_data/AIRR-seq/Human/IGK/samples/P1/P1_I1_S1/P1_I1_S1_genotype.tsv
adding  allele IGKV1D-33*01_g224a
adding  allele IGKV3-11*01_a211c
adding  allele IGKV3D-15*01_c210g
adding  allele IGKV3D-15*01_c141g_c210g
adding  allele IGKV6D-41*01_t220c
/mnt/data/BIU Dropbox/Ayelet Peres/vdjbase_github/digby_data/AIRR-seq/Human/IGK/samples/P1/P1_I20_S1/P1_I20_S1_genotype.tsv
adding  allele IGKV1-5*03_t331c
/mnt/data/BIU Dropbox/Ayelet Peres/vdjbase_github/digby_data/AIRR-seq/Human/IGK/samples/P1/P1_I21_S1/P1_I21_S1_genotype.tsv
adding  allele IGKV3-20*01_g220c
/mnt/data/BIU Dropbox/Ayelet Peres/vdjbase_github/digby_data/AIRR-seq/Human/IGK/samples/P1/P1_I22_S1/P1_I22_S1_genotype.tsv
adding  allele IGKV1-5*03_t333a
adding  allele IGKV3-20*01_t333a
/mnt/data/BIU Dropbox/Ayelet Peres/vdjbase_github/digby_data/AIRR-seq/Human/IGK/samples/P1/P1_I23_S1/P1_I23_S1_genotype.tsv
/mnt/data/BIU Dropbox/Ayelet Peres/vdjbase_github/digby_data/AIRR-seq/Human/IGK/samples/P1/P1_I24_S1/P1_I24_S1_genotype.tsv
/mnt/data/BIU Dropbox/Ayelet Peres/vdjbase_github/digby_data/AIRR-seq/Human/IGK/samples/P1/P1_I25_S1/P1_I25_S1_genotype.tsv
adding  allele IGKV1-39*01_t333g
/mnt/data/BIU Dropbox/Ayelet Peres/vdjbase_github/digby_data/AIRR-seq/Human/IGK/samples/P1/P1_I26_S1/P1_I26_S1_genotype.tsv
adding similar allele IGKV3D-15*01_c197t
/mnt/data/BIU Dropbox/Ayelet Peres/vdjbase_github/digby_data/AIRR-seq/Human/IGK/samples/P1/P1_I27_S1/P1_I27_S1_genotype.tsv
adding  allele IGKV6D-21*01_a85g_a164c_g165t_t166c
/mnt/data/BIU Dropbox/Ayelet Peres/vdjbase_github/digby_data/AIRR-seq/Human/IGK/samples/P1/P1_I28_S1/P1_I28_S1_genotype.tsv
/mnt/data/BIU Dropbox/Ayelet Peres/vdjbase_github/digby_data/AIRR-seq/Human/IGK/samples/P1/P1_I29_S1/P1_I29_S1_genotype.tsv
/mnt/data/BIU Dropbox/Ayelet Peres/vdjbase_github/digby_data/AIRR-seq/Human/IGK/samples/P1/P1_I2_S1/P1_I2_S1_genotype.tsv
adding  allele IGKV2D-29*01_g295a
adding  allele IGKV3D-11*01_t207c
/mnt/data/BIU Dropbox/Ayelet Peres/vdjbase_github/digby_data/AIRR-seq/Human/IGK/samples/P1/P1_I30_S1/P1_I30_S1_genotype.tsv
/mnt/data/BIU Dropbox/Ayelet Peres/vdjbase_github/digby_data/AIRR-seq/Human/IGK/samples/P1/P1_I31_S1/P1_I31_S1_genotype.tsv
adding  allele IGKV2-30*01_t333g
/mnt/data/BIU Dropbox/Ayelet Peres/vdjbase_github/digby_data/AIRR-seq/Human/IGK/samples/P1/P1_I32_S1/P1_I32_S1_genotype.tsv
adding  allele IGKV1-6*01_a61g_g119c_g197c
/mnt/data/BIU Dropbox/Ayelet Peres/vdjbase_github/digby_data/AIRR-seq/Human/IGK/samples/P1/P1_I33_S1/P1_I33_S1_genotype.tsv
/mnt/data/BIU Dropbox/Ayelet Peres/vdjbase_github/digby_data/AIRR-seq/Human/IGK/samples/P1/P1_I34_S1/P1_I34_S1_genotype.tsv
/mnt/data/BIU Dropbox/Ayelet Peres/vdjbase_github/digby_data/AIRR-seq/Human/IGK/samples/P1/P1_I35_S1/P1_I35_S1_genotype.tsv
/mnt/data/BIU Dropbox/Ayelet Peres/vdjbase_github/digby_data/AIRR-seq/Human/IGK/samples/P1/P1_I36_S1/P1_I36_S1_genotype.tsv
/mnt/data/BIU Dropbox/Ayelet Peres/vdjbase_github/digby_data/AIRR-seq/Human/IGK/samples/P1/P1_I37_S1/P1_I37_S1_genotype.tsv
adding  allele IGKV2D-29*01_a94g
/mnt/data/BIU Dropbox/Ayelet Peres/vdjbase_github/digby_data/AIRR-seq/Human/IGK/samples/P1/P1_I38_S1/P1_I38_S1_genotype.tsv
adding  allele IGKV1-8*01_a171t
/mnt/data/BIU Dropbox/Ayelet Peres/vdjbase_github/digby_data/AIRR-seq/Human/IGK/samples/P1/P1_I39_S1/P1_I39_S1_genotype.tsv
/mnt/data/BIU Dropbox/Ayelet Peres/vdjbase_github/digby_data/AIRR-seq/Human/IGK/samples/P1/P1_I3_S1/P1_I3_S1_genotype.tsv
/mnt/data/BIU Dropbox/Ayelet Peres/vdjbase_github/digby_data/AIRR-seq/Human/IGK/samples/P1/P1_I40_S1/P1_I40_S1_genotype.tsv
adding  allele IGKV3D-11*02_g129a
/mnt/data/BIU Dropbox/Ayelet Peres/vdjbase_github/digby_data/AIRR-seq/Human/IGK/samples/P1/P1_I41_S1/P1_I41_S1_genotype.tsv
/mnt/data/BIU Dropbox/Ayelet Peres/vdjbase_github/digby_data/AIRR-seq/Human/IGK/samples/P1/P1_I42_S1/P1_I42_S1_genotype.tsv
adding  allele IGKV1-5*01_t333g
adding  allele IGKV1-39*01_a229c
adding similar allele IGKV6D-21*01_a301g
/mnt/data/BIU Dropbox/Ayelet Peres/vdjbase_github/digby_data/AIRR-seq/Human/IGK/samples/P1/P1_I43_S1/P1_I43_S1_genotype.tsv
/mnt/data/BIU Dropbox/Ayelet Peres/vdjbase_github/digby_data/AIRR-seq/Human/IGK/samples/P1/P1_I44_S1/P1_I44_S1_genotype.tsv
/mnt/data/BIU Dropbox/Ayelet Peres/vdjbase_github/digby_data/AIRR-seq/Human/IGK/samples/P1/P1_I45_S1/P1_I45_S1_genotype.tsv
/mnt/data/BIU Dropbox/Ayelet Peres/vdjbase_github/digby_data/AIRR-seq/Human/IGK/samples/P1/P1_I46_S1/P1_I46_S1_genotype.tsv
/mnt/data/BIU Dropbox/Ayelet Peres/vdjbase_github/digby_data/AIRR-seq/Human/IGK/samples/P1/P1_I47_S1/P1_I47_S1_genotype.tsv
/mnt/data/BIU Dropbox/Ayelet Peres/vdjbase_github/digby_data/AIRR-seq/Human/IGK/samples/P1/P1_I48_S1/P1_I48_S1_genotype.tsv
/mnt/data/BIU Dropbox/Ayelet Peres/vdjbase_github/digby_data/AIRR-seq/Human/IGK/samples/P1/P1_I49_S1/P1_I49_S1_genotype.tsv
adding  allele IGKV1-27*01_a10t_c74t_a110g_g118a_c119a_c120t_a128g_g166a_c167g_c197a_a207t_g210a_c270t_t310g
/mnt/data/BIU Dropbox/Ayelet Peres/vdjbase_github/digby_data/AIRR-seq/Human/IGK/samples/P1/P1_I4_S1/P1_I4_S1_genotype.tsv
/mnt/data/BIU Dropbox/Ayelet Peres/vdjbase_github/digby_data/AIRR-seq/Human/IGK/samples/P1/P1_I50_S1/P1_I50_S1_genotype.tsv
/mnt/data/BIU Dropbox/Ayelet Peres/vdjbase_github/digby_data/AIRR-seq/Human/IGK/samples/P1/P1_I51_S1/P1_I51_S1_genotype.tsv
adding  allele IGKV3-20*01_t333g
/mnt/data/BIU Dropbox/Ayelet Peres/vdjbase_github/digby_data/AIRR-seq/Human/IGK/samples/P1/P1_I52_S1/P1_I52_S1_genotype.tsv
adding  allele IGKV2D-40*01_t333c
/mnt/data/BIU Dropbox/Ayelet Peres/vdjbase_github/digby_data/AIRR-seq/Human/IGK/samples/P1/P1_I53_S1/P1_I53_S1_genotype.tsv
adding  allele IGKV1-8*01_t258c
adding  allele IGKV3D-15*01_t333g
/mnt/data/BIU Dropbox/Ayelet Peres/vdjbase_github/digby_data/AIRR-seq/Human/IGK/samples/P1/P1_I54_S1/P1_I54_S1_genotype.tsv
adding  allele IGKV1-9*01_t333g
/mnt/data/BIU Dropbox/Ayelet Peres/vdjbase_github/digby_data/AIRR-seq/Human/IGK/samples/P1/P1_I55_S1/P1_I55_S1_genotype.tsv
/mnt/data/BIU Dropbox/Ayelet Peres/vdjbase_github/digby_data/AIRR-seq/Human/IGK/samples/P1/P1_I56_S1/P1_I56_S1_genotype.tsv
/mnt/data/BIU Dropbox/Ayelet Peres/vdjbase_github/digby_data/AIRR-seq/Human/IGK/samples/P1/P1_I57_S1/P1_I57_S1_genotype.tsv
/mnt/data/BIU Dropbox/Ayelet Peres/vdjbase_github/digby_data/AIRR-seq/Human/IGK/samples/P1/P1_I58_S1/P1_I58_S1_genotype.tsv
/mnt/data/BIU Dropbox/Ayelet Peres/vdjbase_github/digby_data/AIRR-seq/Human/IGK/samples/P1/P1_I59_S1/P1_I59_S1_genotype.tsv
/mnt/data/BIU Dropbox/Ayelet Peres/vdjbase_github/digby_data/AIRR-seq/Human/IGK/samples/P1/P1_I5_S1/P1_I5_S1_genotype.tsv
/mnt/data/BIU Dropbox/Ayelet Peres/vdjbase_github/digby_data/AIRR-seq/Human/IGK/samples/P1/P1_I60_S1/P1_I60_S1_genotype.tsv
/mnt/data/BIU Dropbox/Ayelet Peres/vdjbase_github/digby_data/AIRR-seq/Human/IGK/samples/P1/P1_I61_S1/P1_I61_S1_genotype.tsv
adding  allele IGKV2-24*02_t330c
/mnt/data/BIU Dropbox/Ayelet Peres/vdjbase_github/digby_data/AIRR-seq/Human/IGK/samples/P1/P1_I62_S1/P1_I62_S1_genotype.tsv
/mnt/data/BIU Dropbox/Ayelet Peres/vdjbase_github/digby_data/AIRR-seq/Human/IGK/samples/P1/P1_I63_S1/P1_I63_S1_genotype.tsv
/mnt/data/BIU Dropbox/Ayelet Peres/vdjbase_github/digby_data/AIRR-seq/Human/IGK/samples/P1/P1_I64_S1/P1_I64_S1_genotype.tsv
adding  allele IGKV1-8*01_t333g
adding  allele IGKV3D-11*02_c247t
/mnt/data/BIU Dropbox/Ayelet Peres/vdjbase_github/digby_data/AIRR-seq/Human/IGK/samples/P1/P1_I65_S1/P1_I65_S1_genotype.tsv
/mnt/data/BIU Dropbox/Ayelet Peres/vdjbase_github/digby_data/AIRR-seq/Human/IGK/samples/P1/P1_I66_S1/P1_I66_S1_genotype.tsv
adding similar allele IGKV2D-28*01_g90c
adding  allele IGKV6-21*02_a330c
/mnt/data/BIU Dropbox/Ayelet Peres/vdjbase_github/digby_data/AIRR-seq/Human/IGK/samples/P1/P1_I67_S1/P1_I67_S1_genotype.tsv
adding  allele IGKV1-5*03_t333g
/mnt/data/BIU Dropbox/Ayelet Peres/vdjbase_github/digby_data/AIRR-seq/Human/IGK/samples/P1/P1_I68_S1/P1_I68_S1_genotype.tsv
adding similar allele IGKV1-13*01_a123g
/mnt/data/BIU Dropbox/Ayelet Peres/vdjbase_github/digby_data/AIRR-seq/Human/IGK/samples/P1/P1_I69_S1/P1_I69_S1_genotype.tsv
adding  allele IGKV3D-15*01_c141g
/mnt/data/BIU Dropbox/Ayelet Peres/vdjbase_github/digby_data/AIRR-seq/Human/IGK/samples/P1/P1_I6_S1/P1_I6_S1_genotype.tsv
/mnt/data/BIU Dropbox/Ayelet Peres/vdjbase_github/digby_data/AIRR-seq/Human/IGK/samples/P1/P1_I70_S1/P1_I70_S1_genotype.tsv
/mnt/data/BIU Dropbox/Ayelet Peres/vdjbase_github/digby_data/AIRR-seq/Human/IGK/samples/P1/P1_I71_S1/P1_I71_S1_genotype.tsv
/mnt/data/BIU Dropbox/Ayelet Peres/vdjbase_github/digby_data/AIRR-seq/Human/IGK/samples/P1/P1_I72_S1/P1_I72_S1_genotype.tsv
/mnt/data/BIU Dropbox/Ayelet Peres/vdjbase_github/digby_data/AIRR-seq/Human/IGK/samples/P1/P1_I73_S1/P1_I73_S1_genotype.tsv
/mnt/data/BIU Dropbox/Ayelet Peres/vdjbase_github/digby_data/AIRR-seq/Human/IGK/samples/P1/P1_I74_S1/P1_I74_S1_genotype.tsv
adding  allele IGKV1-16*02_g71a
/mnt/data/BIU Dropbox/Ayelet Peres/vdjbase_github/digby_data/AIRR-seq/Human/IGK/samples/P1/P1_I75_S1/P1_I75_S1_genotype.tsv
/mnt/data/BIU Dropbox/Ayelet Peres/vdjbase_github/digby_data/AIRR-seq/Human/IGK/samples/P1/P1_I76_S1/P1_I76_S1_genotype.tsv
/mnt/data/BIU Dropbox/Ayelet Peres/vdjbase_github/digby_data/AIRR-seq/Human/IGK/samples/P1/P1_I77_S1/P1_I77_S1_genotype.tsv
/mnt/data/BIU Dropbox/Ayelet Peres/vdjbase_github/digby_data/AIRR-seq/Human/IGK/samples/P1/P1_I78_S1/P1_I78_S1_genotype.tsv
adding  allele IGKV2-29*02_t330c
/mnt/data/BIU Dropbox/Ayelet Peres/vdjbase_github/digby_data/AIRR-seq/Human/IGK/samples/P1/P1_I79_S1/P1_I79_S1_genotype.tsv
/mnt/data/BIU Dropbox/Ayelet Peres/vdjbase_github/digby_data/AIRR-seq/Human/IGK/samples/P1/P1_I7_S1/P1_I7_S1_genotype.tsv
/mnt/data/BIU Dropbox/Ayelet Peres/vdjbase_github/digby_data/AIRR-seq/Human/IGK/samples/P1/P1_I80_S1/P1_I80_S1_genotype.tsv
/mnt/data/BIU Dropbox/Ayelet Peres/vdjbase_github/digby_data/AIRR-seq/Human/IGK/samples/P1/P1_I81_S1/P1_I81_S1_genotype.tsv
/mnt/data/BIU Dropbox/Ayelet Peres/vdjbase_github/digby_data/AIRR-seq/Human/IGK/samples/P1/P1_I82_S1/P1_I82_S1_genotype.tsv
/mnt/data/BIU Dropbox/Ayelet Peres/vdjbase_github/digby_data/AIRR-seq/Human/IGK/samples/P1/P1_I83_S1/P1_I83_S1_genotype.tsv
/mnt/data/BIU Dropbox/Ayelet Peres/vdjbase_github/digby_data/AIRR-seq/Human/IGK/samples/P1/P1_I84_S1/P1_I84_S1_genotype.tsv
/mnt/data/BIU Dropbox/Ayelet Peres/vdjbase_github/digby_data/AIRR-seq/Human/IGK/samples/P1/P1_I85_S1/P1_I85_S1_genotype.tsv
adding  allele IGKV3D-15*01_a223c
/mnt/data/BIU Dropbox/Ayelet Peres/vdjbase_github/digby_data/AIRR-seq/Human/IGK/samples/P1/P1_I86_S1/P1_I86_S1_genotype.tsv
/mnt/data/BIU Dropbox/Ayelet Peres/vdjbase_github/digby_data/AIRR-seq/Human/IGK/samples/P1/P1_I87_S1/P1_I87_S1_genotype.tsv
/mnt/data/BIU Dropbox/Ayelet Peres/vdjbase_github/digby_data/AIRR-seq/Human/IGK/samples/P1/P1_I88_S1/P1_I88_S1_genotype.tsv
/mnt/data/BIU Dropbox/Ayelet Peres/vdjbase_github/digby_data/AIRR-seq/Human/IGK/samples/P1/P1_I89_S1/P1_I89_S1_genotype.tsv
/mnt/data/BIU Dropbox/Ayelet Peres/vdjbase_github/digby_data/AIRR-seq/Human/IGK/samples/P1/P1_I8_S1/P1_I8_S1_genotype.tsv
/mnt/data/BIU Dropbox/Ayelet Peres/vdjbase_github/digby_data/AIRR-seq/Human/IGK/samples/P1/P1_I90_S1/P1_I90_S1_genotype.tsv
/mnt/data/BIU Dropbox/Ayelet Peres/vdjbase_github/digby_data/AIRR-seq/Human/IGK/samples/P1/P1_I91_S1/P1_I91_S1_genotype.tsv
/mnt/data/BIU Dropbox/Ayelet Peres/vdjbase_github/digby_data/AIRR-seq/Human/IGK/samples/P1/P1_I92_S1/P1_I92_S1_genotype.tsv
adding  allele IGKV6D-21*01_c162t
/mnt/data/BIU Dropbox/Ayelet Peres/vdjbase_github/digby_data/AIRR-seq/Human/IGK/samples/P1/P1_I93_S1/P1_I93_S1_genotype.tsv
/mnt/data/BIU Dropbox/Ayelet Peres/vdjbase_github/digby_data/AIRR-seq/Human/IGK/samples/P1/P1_I94_S1/P1_I94_S1_genotype.tsv
adding  allele IGKV1-17*01_a75g_t78c_a85g_t115g_a117c_g118t_g119c_a134t_a143g_g153a_a171g_g197c_a204t_c248t_c261t_t264c_c279g_a300g_c302t_g318a_g326c
adding  allele IGKV1-27*01_t333g
/mnt/data/BIU Dropbox/Ayelet Peres/vdjbase_github/digby_data/AIRR-seq/Human/IGK/samples/P1/P1_I95_S1/P1_I95_S1_genotype.tsv
/mnt/data/BIU Dropbox/Ayelet Peres/vdjbase_github/digby_data/AIRR-seq/Human/IGK/samples/P1/P1_I96_S1/P1_I96_S1_genotype.tsv
/mnt/data/BIU Dropbox/Ayelet Peres/vdjbase_github/digby_data/AIRR-seq/Human/IGK/samples/P1/P1_I97_S1/P1_I97_S1_genotype.tsv
/mnt/data/BIU Dropbox/Ayelet Peres/vdjbase_github/digby_data/AIRR-seq/Human/IGK/samples/P1/P1_I99_S1/P1_I99_S1_genotype.tsv
/mnt/data/BIU Dropbox/Ayelet Peres/vdjbase_github/digby_data/AIRR-seq/Human/IGK/samples/P1/P1_I9_S1/P1_I9_S1_genotype.tsv
adding  allele IGKV3D-7*01_c234t
adding  allele IGKV3-15*01_t333g
adding  allele IGKV6-21*02_g9c_t108c_c114t_c126t_c130g_a160g_a167c_g169t_a322g
/mnt/data/BIU Dropbox/Ayelet Peres/vdjbase_github/digby_data/AIRR-seq/Human/IGK/samples/P35/P35_I10_S1/P35_I10_S1_genotype.tsv
adding  allele IGKV1-27*01_c154a
/mnt/data/BIU Dropbox/Ayelet Peres/vdjbase_github/digby_data/AIRR-seq/Human/IGK/samples/P35/P35_I11_S1/P35_I11_S1_genotype.tsv
/mnt/data/BIU Dropbox/Ayelet Peres/vdjbase_github/digby_data/AIRR-seq/Human/IGK/samples/P35/P35_I12_S1/P35_I12_S1_genotype.tsv
/mnt/data/BIU Dropbox/Ayelet Peres/vdjbase_github/digby_data/AIRR-seq/Human/IGK/samples/P35/P35_I13_S1/P35_I13_S1_genotype.tsv
adding  allele IGKV1-27*01_a10t_c74t_a110g_g118a_c119a_c120t_a128g_g166a_c167g_c197a_a207t_g210a_c270t_t310g_a316c_t319a_a322t
adding  allele IGKV1-NL1*01_c74t
/mnt/data/BIU Dropbox/Ayelet Peres/vdjbase_github/digby_data/AIRR-seq/Human/IGK/samples/P35/P35_I14_S1/P35_I14_S1_genotype.tsv
adding  allele IGKV1-27*01_c70t
/mnt/data/BIU Dropbox/Ayelet Peres/vdjbase_github/digby_data/AIRR-seq/Human/IGK/samples/P35/P35_I15_S1/P35_I15_S1_genotype.tsv
adding  allele IGKV1-27*01_a10t_c74t_a110g_g118a_c119a_c120t_a128g_g166a_c167g_c197a_a207t_g210a
/mnt/data/BIU Dropbox/Ayelet Peres/vdjbase_github/digby_data/AIRR-seq/Human/IGK/samples/P35/P35_I16_S1/P35_I16_S1_genotype.tsv
adding  allele IGKV1-5*03_t330c
adding  allele IGKV1-6*01_t314a_a318g
adding  allele IGKV1-8*01_t277a_t286c
adding  allele IGKV1-12*01_t309c
adding  allele IGKV1D-12*01_c231t_t270c_t309c
adding  allele IGKV1D-12*01_t270c_t309c
adding  allele IGKV1-17*01_t314a
adding  allele IGKV3D-11*02_a15g_c26g_a167g_c247t
adding  allele IGKV3D-11*02_a15g_c26g_c247t
adding  allele IGKV3D-15*01_g258c_c283g_t286c
/mnt/data/BIU Dropbox/Ayelet Peres/vdjbase_github/digby_data/AIRR-seq/Human/IGK/samples/P35/P35_I17_S1/P35_I17_S1_genotype.tsv
adding  allele IGKV1-5*04_t330c
adding  allele IGKV1-12*01_c306t_t309c
adding  allele IGKV3D-15*01_g258c_c283g_t286c_a323g
/mnt/data/BIU Dropbox/Ayelet Peres/vdjbase_github/digby_data/AIRR-seq/Human/IGK/samples/P35/P35_I18_S1/P35_I18_S1_genotype.tsv
adding  allele IGKV1-NL1*01_c160a_a198t_g202c_g255a_a260t_t324c
/mnt/data/BIU Dropbox/Ayelet Peres/vdjbase_github/digby_data/AIRR-seq/Human/IGK/samples/P35/P35_I19_S1/P35_I19_S1_genotype.tsv
adding  allele IGKV3D-15*01_a6t_a10t_g37t_g258c_c283g_t286c_a323g
/mnt/data/BIU Dropbox/Ayelet Peres/vdjbase_github/digby_data/AIRR-seq/Human/IGK/samples/P35/P35_I1_S1/P35_I1_S1_genotype.tsv
adding  allele IGKV1-NL1*01_t333a
/mnt/data/BIU Dropbox/Ayelet Peres/vdjbase_github/digby_data/AIRR-seq/Human/IGK/samples/P35/P35_I20_S1/P35_I20_S1_genotype.tsv
/mnt/data/BIU Dropbox/Ayelet Peres/vdjbase_github/digby_data/AIRR-seq/Human/IGK/samples/P35/P35_I21_S1/P35_I21_S1_genotype.tsv
/mnt/data/BIU Dropbox/Ayelet Peres/vdjbase_github/digby_data/AIRR-seq/Human/IGK/samples/P35/P35_I22_S1/P35_I22_S1_genotype.tsv
/mnt/data/BIU Dropbox/Ayelet Peres/vdjbase_github/digby_data/AIRR-seq/Human/IGK/samples/P35/P35_I23_S1/P35_I23_S1_genotype.tsv
adding  allele IGKV1-5*04_t331c
/mnt/data/BIU Dropbox/Ayelet Peres/vdjbase_github/digby_data/AIRR-seq/Human/IGK/samples/P35/P35_I24_S1/P35_I24_S1_genotype.tsv
adding  allele IGKV1-12*01_c306t_t309c_g319t_c320a_c324t
adding  allele IGKV1-17*01_t314a_c319t
adding  allele IGKV3D-11*02_a15g_c26g
/mnt/data/BIU Dropbox/Ayelet Peres/vdjbase_github/digby_data/AIRR-seq/Human/IGK/samples/P35/P35_I25_S1/P35_I25_S1_genotype.tsv
/mnt/data/BIU Dropbox/Ayelet Peres/vdjbase_github/digby_data/AIRR-seq/Human/IGK/samples/P35/P35_I26_S1/P35_I26_S1_genotype.tsv
adding  allele IGKV3D-15*01_a326g
/mnt/data/BIU Dropbox/Ayelet Peres/vdjbase_github/digby_data/AIRR-seq/Human/IGK/samples/P35/P35_I28_S1/P35_I28_S1_genotype.tsv
adding  allele IGKV3-11*01_t333g
/mnt/data/BIU Dropbox/Ayelet Peres/vdjbase_github/digby_data/AIRR-seq/Human/IGK/samples/P35/P35_I29_S1/P35_I29_S1_genotype.tsv
/mnt/data/BIU Dropbox/Ayelet Peres/vdjbase_github/digby_data/AIRR-seq/Human/IGK/samples/P35/P35_I2_S1/P35_I2_S1_genotype.tsv
/mnt/data/BIU Dropbox/Ayelet Peres/vdjbase_github/digby_data/AIRR-seq/Human/IGK/samples/P35/P35_I30_S1/P35_I30_S1_genotype.tsv
/mnt/data/BIU Dropbox/Ayelet Peres/vdjbase_github/digby_data/AIRR-seq/Human/IGK/samples/P35/P35_I31_S1/P35_I31_S1_genotype.tsv
/mnt/data/BIU Dropbox/Ayelet Peres/vdjbase_github/digby_data/AIRR-seq/Human/IGK/samples/P35/P35_I32_S1/P35_I32_S1_genotype.tsv
/mnt/data/BIU Dropbox/Ayelet Peres/vdjbase_github/digby_data/AIRR-seq/Human/IGK/samples/P35/P35_I33_S1/P35_I33_S1_genotype.tsv
adding  allele IGKV3D-15*01_a6t_a10t_g37t
/mnt/data/BIU Dropbox/Ayelet Peres/vdjbase_github/digby_data/AIRR-seq/Human/IGK/samples/P35/P35_I34_S1/P35_I34_S1_genotype.tsv
adding  allele IGKV1-27*01_t146c_t147c_t205a_t222a_c223a_a316c
adding  allele IGKV1-27*01_a10t_c74t_a110g_g118a_c119a_c120t_a128g_c167g_c197a_a207t_g210a_a316c_t319a_a322t
/mnt/data/BIU Dropbox/Ayelet Peres/vdjbase_github/digby_data/AIRR-seq/Human/IGK/samples/P35/P35_I35_S1/P35_I35_S1_genotype.tsv
/mnt/data/BIU Dropbox/Ayelet Peres/vdjbase_github/digby_data/AIRR-seq/Human/IGK/samples/P35/P35_I36_S1/P35_I36_S1_genotype.tsv
/mnt/data/BIU Dropbox/Ayelet Peres/vdjbase_github/digby_data/AIRR-seq/Human/IGK/samples/P35/P35_I37_S1/P35_I37_S1_genotype.tsv
/mnt/data/BIU Dropbox/Ayelet Peres/vdjbase_github/digby_data/AIRR-seq/Human/IGK/samples/P35/P35_I38_S1/P35_I38_S1_genotype.tsv
/mnt/data/BIU Dropbox/Ayelet Peres/vdjbase_github/digby_data/AIRR-seq/Human/IGK/samples/P35/P35_I39_S1/P35_I39_S1_genotype.tsv
/mnt/data/BIU Dropbox/Ayelet Peres/vdjbase_github/digby_data/AIRR-seq/Human/IGK/samples/P35/P35_I3_S1/P35_I3_S1_genotype.tsv
adding  allele IGKV1-12*01_c30t
adding  allele IGKV3D-15*01_a323g
/mnt/data/BIU Dropbox/Ayelet Peres/vdjbase_github/digby_data/AIRR-seq/Human/IGK/samples/P35/P35_I40_S1/P35_I40_S1_genotype.tsv
/mnt/data/BIU Dropbox/Ayelet Peres/vdjbase_github/digby_data/AIRR-seq/Human/IGK/samples/P35/P35_I41_S1/P35_I41_S1_genotype.tsv
adding  allele IGKV1-9*01_a258t_a270c_a322t
adding  allele IGKV3D-11*02_t112a_c247t
/mnt/data/BIU Dropbox/Ayelet Peres/vdjbase_github/digby_data/AIRR-seq/Human/IGK/samples/P35/P35_I42_S1/P35_I42_S1_genotype.tsv
/mnt/data/BIU Dropbox/Ayelet Peres/vdjbase_github/digby_data/AIRR-seq/Human/IGK/samples/P35/P35_I43_S1/P35_I43_S1_genotype.tsv
/mnt/data/BIU Dropbox/Ayelet Peres/vdjbase_github/digby_data/AIRR-seq/Human/IGK/samples/P35/P35_I4_S1/P35_I4_S1_genotype.tsv
/mnt/data/BIU Dropbox/Ayelet Peres/vdjbase_github/digby_data/AIRR-seq/Human/IGK/samples/P35/P35_I5_S1/P35_I5_S1_genotype.tsv
adding  allele IGKV1-17*01_t314a_t324c
adding  allele IGKV1-27*01_a10t_c74t_a110g_g118a_c119a_c120t_a128g_g166a_c167g_c197a_a207t_c270t_t310g_a316c_a317g_t319a_a320c_a322t_g326a
adding  allele IGKV1-NL1*01_g255a_a260t
adding  allele IGKV3D-11*02_t6a_t10a_a15g_t37g_t112a_c247t
/mnt/data/BIU Dropbox/Ayelet Peres/vdjbase_github/digby_data/AIRR-seq/Human/IGK/samples/P35/P35_I6_S1/P35_I6_S1_genotype.tsv
adding  allele IGKV1D-8*01_t276c_t277a_t286c
adding  allele IGKV1-27*02_a316c
adding  allele IGKV2D-29*02_a319g
/mnt/data/BIU Dropbox/Ayelet Peres/vdjbase_github/digby_data/AIRR-seq/Human/IGK/samples/P35/P35_I7_S1/P35_I7_S1_genotype.tsv
/mnt/data/BIU Dropbox/Ayelet Peres/vdjbase_github/digby_data/AIRR-seq/Human/IGK/samples/P35/P35_I8_S1/P35_I8_S1_genotype.tsv
adding  allele IGKV1-6*01_c252g_t314a
adding  allele IGKV1D-16*01_c312t
/mnt/data/BIU Dropbox/Ayelet Peres/vdjbase_github/digby_data/AIRR-seq/Human/IGK/samples/P35/P35_I9_S1/P35_I9_S1_genotype.tsv
/mnt/data/BIU Dropbox/Ayelet Peres/vdjbase_github/digby_data/AIRR-seq/Human/IGK/samples/P17/P17_I1_S1/P17_I1_S1_genotype.tsv
/mnt/data/BIU Dropbox/Ayelet Peres/vdjbase_github/digby_data/AIRR-seq/Human/IGK/samples/P17/P17_I2_S1/P17_I2_S1_genotype.tsv
/mnt/data/BIU Dropbox/Ayelet Peres/vdjbase_github/digby_data/AIRR-seq/Human/IGK/samples/P17/P17_I3_S1/P17_I3_S1_genotype.tsv
/mnt/data/BIU Dropbox/Ayelet Peres/vdjbase_github/digby_data/AIRR-seq/Human/IGK/samples/P17/P17_I4_S1/P17_I4_S1_genotype.tsv
/mnt/data/BIU Dropbox/Ayelet Peres/vdjbase_github/digby_data/AIRR-seq/Human/IGK/samples/P17/P17_I5_S1/P17_I5_S1_genotype.tsv
/mnt/data/BIU Dropbox/Ayelet Peres/vdjbase_github/digby_data/AIRR-seq/Human/IGK/samples/P17/P17_I6_S1/P17_I6_S1_genotype.tsv
/mnt/data/BIU Dropbox/Ayelet Peres/vdjbase_github/digby_data/AIRR-seq/Human/IGK/samples/P17/P17_I7_S1/P17_I7_S1_genotype.tsv
/mnt/data/BIU Dropbox/Ayelet Peres/vdjbase_github/digby_data/AIRR-seq/Human/IGK/samples/P17/P17_I8_S1/P17_I8_S1_genotype.tsv
/mnt/data/BIU Dropbox/Ayelet Peres/vdjbase_github/digby_data/AIRR-seq/Human/IGK/samples/P17/P17_I9_S1/P17_I9_S1_genotype.tsv
/mnt/data/BIU Dropbox/Ayelet Peres/vdjbase_github/digby_data/AIRR-seq/Human/IGK/samples/P17/P17_I10_S1/P17_I10_S1_genotype.tsv
/mnt/data/BIU Dropbox/Ayelet Peres/vdjbase_github/digby_data/AIRR-seq/Human/IGK/samples/P17/P17_I11_S1/P17_I11_S1_genotype.tsv
/mnt/data/BIU Dropbox/Ayelet Peres/vdjbase_github/digby_data/AIRR-seq/Human/IGK/samples/P17/P17_I12_S1/P17_I12_S1_genotype.tsv
/mnt/data/BIU Dropbox/Ayelet Peres/vdjbase_github/digby_data/AIRR-seq/Human/IGK/samples/P17/P17_I13_S1/P17_I13_S1_genotype.tsv
/mnt/data/BIU Dropbox/Ayelet Peres/vdjbase_github/digby_data/AIRR-seq/Human/IGK/samples/P17/P17_I14_S1/P17_I14_S1_genotype.tsv
/mnt/data/BIU Dropbox/Ayelet Peres/vdjbase_github/digby_data/AIRR-seq/Human/IGK/samples/P17/P17_I15_S1/P17_I15_S1_genotype.tsv
/mnt/data/BIU Dropbox/Ayelet Peres/vdjbase_github/digby_data/AIRR-seq/Human/IGK/samples/P28/P28_I100_S1/P28_I100_S1_genotype.tsv
/mnt/data/BIU Dropbox/Ayelet Peres/vdjbase_github/digby_data/AIRR-seq/Human/IGK/samples/P28/P28_I102_S1/P28_I102_S1_genotype.tsv
/mnt/data/BIU Dropbox/Ayelet Peres/vdjbase_github/digby_data/AIRR-seq/Human/IGK/samples/P28/P28_I103_S1/P28_I103_S1_genotype.tsv
/mnt/data/BIU Dropbox/Ayelet Peres/vdjbase_github/digby_data/AIRR-seq/Human/IGK/samples/P28/P28_I104_S1/P28_I104_S1_genotype.tsv
adding similar allele IGKV1-39*01_c29t_c306t_315gtgtg319_c330a
/mnt/data/BIU Dropbox/Ayelet Peres/vdjbase_github/digby_data/AIRR-seq/Human/IGK/samples/P28/P28_I105_S1/P28_I105_S1_genotype.tsv
/mnt/data/BIU Dropbox/Ayelet Peres/vdjbase_github/digby_data/AIRR-seq/Human/IGK/samples/P28/P28_I106_S1/P28_I106_S1_genotype.tsv
/mnt/data/BIU Dropbox/Ayelet Peres/vdjbase_github/digby_data/AIRR-seq/Human/IGK/samples/P28/P28_I107_S1/P28_I107_S1_genotype.tsv
/mnt/data/BIU Dropbox/Ayelet Peres/vdjbase_github/digby_data/AIRR-seq/Human/IGK/samples/P28/P28_I108_S1/P28_I108_S1_genotype.tsv
adding similar allele IGKV1-39*01_c29t_c306t_315gtgtg319_c330a
/mnt/data/BIU Dropbox/Ayelet Peres/vdjbase_github/digby_data/AIRR-seq/Human/IGK/samples/P28/P28_I109_S1/P28_I109_S1_genotype.tsv
/mnt/data/BIU Dropbox/Ayelet Peres/vdjbase_github/digby_data/AIRR-seq/Human/IGK/samples/P28/P28_I10_S1/P28_I10_S1_genotype.tsv
/mnt/data/BIU Dropbox/Ayelet Peres/vdjbase_github/digby_data/AIRR-seq/Human/IGK/samples/P28/P28_I110_S1/P28_I110_S1_genotype.tsv
/mnt/data/BIU Dropbox/Ayelet Peres/vdjbase_github/digby_data/AIRR-seq/Human/IGK/samples/P28/P28_I111_S1/P28_I111_S1_genotype.tsv
/mnt/data/BIU Dropbox/Ayelet Peres/vdjbase_github/digby_data/AIRR-seq/Human/IGK/samples/P28/P28_I112_S1/P28_I112_S1_genotype.tsv
/mnt/data/BIU Dropbox/Ayelet Peres/vdjbase_github/digby_data/AIRR-seq/Human/IGK/samples/P28/P28_I113_S1/P28_I113_S1_genotype.tsv
/mnt/data/BIU Dropbox/Ayelet Peres/vdjbase_github/digby_data/AIRR-seq/Human/IGK/samples/P28/P28_I115_S1/P28_I115_S1_genotype.tsv
/mnt/data/BIU Dropbox/Ayelet Peres/vdjbase_github/digby_data/AIRR-seq/Human/IGK/samples/P28/P28_I116_S1/P28_I116_S1_genotype.tsv
/mnt/data/BIU Dropbox/Ayelet Peres/vdjbase_github/digby_data/AIRR-seq/Human/IGK/samples/P28/P28_I117_S1/P28_I117_S1_genotype.tsv
/mnt/data/BIU Dropbox/Ayelet Peres/vdjbase_github/digby_data/AIRR-seq/Human/IGK/samples/P28/P28_I118_S1/P28_I118_S1_genotype.tsv
/mnt/data/BIU Dropbox/Ayelet Peres/vdjbase_github/digby_data/AIRR-seq/Human/IGK/samples/P28/P28_I119_S1/P28_I119_S1_genotype.tsv
/mnt/data/BIU Dropbox/Ayelet Peres/vdjbase_github/digby_data/AIRR-seq/Human/IGK/samples/P28/P28_I11_S1/P28_I11_S1_genotype.tsv
/mnt/data/BIU Dropbox/Ayelet Peres/vdjbase_github/digby_data/AIRR-seq/Human/IGK/samples/P28/P28_I120_S1/P28_I120_S1_genotype.tsv
/mnt/data/BIU Dropbox/Ayelet Peres/vdjbase_github/digby_data/AIRR-seq/Human/IGK/samples/P28/P28_I121_S1/P28_I121_S1_genotype.tsv
/mnt/data/BIU Dropbox/Ayelet Peres/vdjbase_github/digby_data/AIRR-seq/Human/IGK/samples/P28/P28_I123_S1/P28_I123_S1_genotype.tsv
/mnt/data/BIU Dropbox/Ayelet Peres/vdjbase_github/digby_data/AIRR-seq/Human/IGK/samples/P28/P28_I124_S1/P28_I124_S1_genotype.tsv
/mnt/data/BIU Dropbox/Ayelet Peres/vdjbase_github/digby_data/AIRR-seq/Human/IGK/samples/P28/P28_I125_S1/P28_I125_S1_genotype.tsv
/mnt/data/BIU Dropbox/Ayelet Peres/vdjbase_github/digby_data/AIRR-seq/Human/IGK/samples/P28/P28_I126_S1/P28_I126_S1_genotype.tsv
/mnt/data/BIU Dropbox/Ayelet Peres/vdjbase_github/digby_data/AIRR-seq/Human/IGK/samples/P28/P28_I127_S1/P28_I127_S1_genotype.tsv
/mnt/data/BIU Dropbox/Ayelet Peres/vdjbase_github/digby_data/AIRR-seq/Human/IGK/samples/P28/P28_I128_S1/P28_I128_S1_genotype.tsv
/mnt/data/BIU Dropbox/Ayelet Peres/vdjbase_github/digby_data/AIRR-seq/Human/IGK/samples/P28/P28_I129_S1/P28_I129_S1_genotype.tsv
/mnt/data/BIU Dropbox/Ayelet Peres/vdjbase_github/digby_data/AIRR-seq/Human/IGK/samples/P28/P28_I130_S1/P28_I130_S1_genotype.tsv
/mnt/data/BIU Dropbox/Ayelet Peres/vdjbase_github/digby_data/AIRR-seq/Human/IGK/samples/P28/P28_I131_S1/P28_I131_S1_genotype.tsv
/mnt/data/BIU Dropbox/Ayelet Peres/vdjbase_github/digby_data/AIRR-seq/Human/IGK/samples/P28/P28_I132_S1/P28_I132_S1_genotype.tsv
/mnt/data/BIU Dropbox/Ayelet Peres/vdjbase_github/digby_data/AIRR-seq/Human/IGK/samples/P28/P28_I133_S1/P28_I133_S1_genotype.tsv
/mnt/data/BIU Dropbox/Ayelet Peres/vdjbase_github/digby_data/AIRR-seq/Human/IGK/samples/P28/P28_I134_S1/P28_I134_S1_genotype.tsv
/mnt/data/BIU Dropbox/Ayelet Peres/vdjbase_github/digby_data/AIRR-seq/Human/IGK/samples/P28/P28_I135_S1/P28_I135_S1_genotype.tsv
/mnt/data/BIU Dropbox/Ayelet Peres/vdjbase_github/digby_data/AIRR-seq/Human/IGK/samples/P28/P28_I136_S1/P28_I136_S1_genotype.tsv
/mnt/data/BIU Dropbox/Ayelet Peres/vdjbase_github/digby_data/AIRR-seq/Human/IGK/samples/P28/P28_I137_S1/P28_I137_S1_genotype.tsv
/mnt/data/BIU Dropbox/Ayelet Peres/vdjbase_github/digby_data/AIRR-seq/Human/IGK/samples/P28/P28_I138_S1/P28_I138_S1_genotype.tsv
/mnt/data/BIU Dropbox/Ayelet Peres/vdjbase_github/digby_data/AIRR-seq/Human/IGK/samples/P28/P28_I139_S1/P28_I139_S1_genotype.tsv
/mnt/data/BIU Dropbox/Ayelet Peres/vdjbase_github/digby_data/AIRR-seq/Human/IGK/samples/P28/P28_I13_S1/P28_I13_S1_genotype.tsv
/mnt/data/BIU Dropbox/Ayelet Peres/vdjbase_github/digby_data/AIRR-seq/Human/IGK/samples/P28/P28_I140_S1/P28_I140_S1_genotype.tsv
/mnt/data/BIU Dropbox/Ayelet Peres/vdjbase_github/digby_data/AIRR-seq/Human/IGK/samples/P28/P28_I141_S1/P28_I141_S1_genotype.tsv
/mnt/data/BIU Dropbox/Ayelet Peres/vdjbase_github/digby_data/AIRR-seq/Human/IGK/samples/P28/P28_I142_S1/P28_I142_S1_genotype.tsv
/mnt/data/BIU Dropbox/Ayelet Peres/vdjbase_github/digby_data/AIRR-seq/Human/IGK/samples/P28/P28_I143_S1/P28_I143_S1_genotype.tsv
/mnt/data/BIU Dropbox/Ayelet Peres/vdjbase_github/digby_data/AIRR-seq/Human/IGK/samples/P28/P28_I145_S1/P28_I145_S1_genotype.tsv
/mnt/data/BIU Dropbox/Ayelet Peres/vdjbase_github/digby_data/AIRR-seq/Human/IGK/samples/P28/P28_I146_S1/P28_I146_S1_genotype.tsv
/mnt/data/BIU Dropbox/Ayelet Peres/vdjbase_github/digby_data/AIRR-seq/Human/IGK/samples/P28/P28_I147_S1/P28_I147_S1_genotype.tsv
/mnt/data/BIU Dropbox/Ayelet Peres/vdjbase_github/digby_data/AIRR-seq/Human/IGK/samples/P28/P28_I149_S1/P28_I149_S1_genotype.tsv
/mnt/data/BIU Dropbox/Ayelet Peres/vdjbase_github/digby_data/AIRR-seq/Human/IGK/samples/P28/P28_I14_S1/P28_I14_S1_genotype.tsv
/mnt/data/BIU Dropbox/Ayelet Peres/vdjbase_github/digby_data/AIRR-seq/Human/IGK/samples/P28/P28_I151_S1/P28_I151_S1_genotype.tsv
/mnt/data/BIU Dropbox/Ayelet Peres/vdjbase_github/digby_data/AIRR-seq/Human/IGK/samples/P28/P28_I152_S1/P28_I152_S1_genotype.tsv
/mnt/data/BIU Dropbox/Ayelet Peres/vdjbase_github/digby_data/AIRR-seq/Human/IGK/samples/P28/P28_I153_S1/P28_I153_S1_genotype.tsv
/mnt/data/BIU Dropbox/Ayelet Peres/vdjbase_github/digby_data/AIRR-seq/Human/IGK/samples/P28/P28_I154_S1/P28_I154_S1_genotype.tsv
/mnt/data/BIU Dropbox/Ayelet Peres/vdjbase_github/digby_data/AIRR-seq/Human/IGK/samples/P28/P28_I155_S1/P28_I155_S1_genotype.tsv
/mnt/data/BIU Dropbox/Ayelet Peres/vdjbase_github/digby_data/AIRR-seq/Human/IGK/samples/P28/P28_I156_S1/P28_I156_S1_genotype.tsv
/mnt/data/BIU Dropbox/Ayelet Peres/vdjbase_github/digby_data/AIRR-seq/Human/IGK/samples/P28/P28_I157_S1/P28_I157_S1_genotype.tsv
/mnt/data/BIU Dropbox/Ayelet Peres/vdjbase_github/digby_data/AIRR-seq/Human/IGK/samples/P28/P28_I158_S1/P28_I158_S1_genotype.tsv
/mnt/data/BIU Dropbox/Ayelet Peres/vdjbase_github/digby_data/AIRR-seq/Human/IGK/samples/P28/P28_I159_S1/P28_I159_S1_genotype.tsv
/mnt/data/BIU Dropbox/Ayelet Peres/vdjbase_github/digby_data/AIRR-seq/Human/IGK/samples/P28/P28_I160_S1/P28_I160_S1_genotype.tsv
/mnt/data/BIU Dropbox/Ayelet Peres/vdjbase_github/digby_data/AIRR-seq/Human/IGK/samples/P28/P28_I161_S1/P28_I161_S1_genotype.tsv
/mnt/data/BIU Dropbox/Ayelet Peres/vdjbase_github/digby_data/AIRR-seq/Human/IGK/samples/P28/P28_I162_S1/P28_I162_S1_genotype.tsv
/mnt/data/BIU Dropbox/Ayelet Peres/vdjbase_github/digby_data/AIRR-seq/Human/IGK/samples/P28/P28_I163_S1/P28_I163_S1_genotype.tsv
/mnt/data/BIU Dropbox/Ayelet Peres/vdjbase_github/digby_data/AIRR-seq/Human/IGK/samples/P28/P28_I164_S1/P28_I164_S1_genotype.tsv
/mnt/data/BIU Dropbox/Ayelet Peres/vdjbase_github/digby_data/AIRR-seq/Human/IGK/samples/P28/P28_I165_S1/P28_I165_S1_genotype.tsv
/mnt/data/BIU Dropbox/Ayelet Peres/vdjbase_github/digby_data/AIRR-seq/Human/IGK/samples/P28/P28_I166_S1/P28_I166_S1_genotype.tsv
/mnt/data/BIU Dropbox/Ayelet Peres/vdjbase_github/digby_data/AIRR-seq/Human/IGK/samples/P28/P28_I167_S1/P28_I167_S1_genotype.tsv
/mnt/data/BIU Dropbox/Ayelet Peres/vdjbase_github/digby_data/AIRR-seq/Human/IGK/samples/P28/P28_I168_S1/P28_I168_S1_genotype.tsv
/mnt/data/BIU Dropbox/Ayelet Peres/vdjbase_github/digby_data/AIRR-seq/Human/IGK/samples/P28/P28_I169_S1/P28_I169_S1_genotype.tsv
/mnt/data/BIU Dropbox/Ayelet Peres/vdjbase_github/digby_data/AIRR-seq/Human/IGK/samples/P28/P28_I16_S1/P28_I16_S1_genotype.tsv
/mnt/data/BIU Dropbox/Ayelet Peres/vdjbase_github/digby_data/AIRR-seq/Human/IGK/samples/P28/P28_I170_S1/P28_I170_S1_genotype.tsv
/mnt/data/BIU Dropbox/Ayelet Peres/vdjbase_github/digby_data/AIRR-seq/Human/IGK/samples/P28/P28_I171_S1/P28_I171_S1_genotype.tsv
/mnt/data/BIU Dropbox/Ayelet Peres/vdjbase_github/digby_data/AIRR-seq/Human/IGK/samples/P28/P28_I172_S1/P28_I172_S1_genotype.tsv
/mnt/data/BIU Dropbox/Ayelet Peres/vdjbase_github/digby_data/AIRR-seq/Human/IGK/samples/P28/P28_I173_S1/P28_I173_S1_genotype.tsv
/mnt/data/BIU Dropbox/Ayelet Peres/vdjbase_github/digby_data/AIRR-seq/Human/IGK/samples/P28/P28_I174_S1/P28_I174_S1_genotype.tsv
/mnt/data/BIU Dropbox/Ayelet Peres/vdjbase_github/digby_data/AIRR-seq/Human/IGK/samples/P28/P28_I175_S1/P28_I175_S1_genotype.tsv
/mnt/data/BIU Dropbox/Ayelet Peres/vdjbase_github/digby_data/AIRR-seq/Human/IGK/samples/P28/P28_I176_S1/P28_I176_S1_genotype.tsv
/mnt/data/BIU Dropbox/Ayelet Peres/vdjbase_github/digby_data/AIRR-seq/Human/IGK/samples/P28/P28_I17_S1/P28_I17_S1_genotype.tsv
/mnt/data/BIU Dropbox/Ayelet Peres/vdjbase_github/digby_data/AIRR-seq/Human/IGK/samples/P28/P28_I18_S1/P28_I18_S1_genotype.tsv
/mnt/data/BIU Dropbox/Ayelet Peres/vdjbase_github/digby_data/AIRR-seq/Human/IGK/samples/P28/P28_I19_S1/P28_I19_S1_genotype.tsv
/mnt/data/BIU Dropbox/Ayelet Peres/vdjbase_github/digby_data/AIRR-seq/Human/IGK/samples/P28/P28_I1_S1/P28_I1_S1_genotype.tsv
/mnt/data/BIU Dropbox/Ayelet Peres/vdjbase_github/digby_data/AIRR-seq/Human/IGK/samples/P28/P28_I20_S1/P28_I20_S1_genotype.tsv
/mnt/data/BIU Dropbox/Ayelet Peres/vdjbase_github/digby_data/AIRR-seq/Human/IGK/samples/P28/P28_I21_S1/P28_I21_S1_genotype.tsv
/mnt/data/BIU Dropbox/Ayelet Peres/vdjbase_github/digby_data/AIRR-seq/Human/IGK/samples/P28/P28_I22_S1/P28_I22_S1_genotype.tsv
/mnt/data/BIU Dropbox/Ayelet Peres/vdjbase_github/digby_data/AIRR-seq/Human/IGK/samples/P28/P28_I23_S1/P28_I23_S1_genotype.tsv
/mnt/data/BIU Dropbox/Ayelet Peres/vdjbase_github/digby_data/AIRR-seq/Human/IGK/samples/P28/P28_I24_S1/P28_I24_S1_genotype.tsv
/mnt/data/BIU Dropbox/Ayelet Peres/vdjbase_github/digby_data/AIRR-seq/Human/IGK/samples/P28/P28_I25_S1/P28_I25_S1_genotype.tsv
/mnt/data/BIU Dropbox/Ayelet Peres/vdjbase_github/digby_data/AIRR-seq/Human/IGK/samples/P28/P28_I26_S1/P28_I26_S1_genotype.tsv
/mnt/data/BIU Dropbox/Ayelet Peres/vdjbase_github/digby_data/AIRR-seq/Human/IGK/samples/P28/P28_I27_S1/P28_I27_S1_genotype.tsv
/mnt/data/BIU Dropbox/Ayelet Peres/vdjbase_github/digby_data/AIRR-seq/Human/IGK/samples/P28/P28_I28_S1/P28_I28_S1_genotype.tsv
/mnt/data/BIU Dropbox/Ayelet Peres/vdjbase_github/digby_data/AIRR-seq/Human/IGK/samples/P28/P28_I29_S1/P28_I29_S1_genotype.tsv
/mnt/data/BIU Dropbox/Ayelet Peres/vdjbase_github/digby_data/AIRR-seq/Human/IGK/samples/P28/P28_I2_S1/P28_I2_S1_genotype.tsv
/mnt/data/BIU Dropbox/Ayelet Peres/vdjbase_github/digby_data/AIRR-seq/Human/IGK/samples/P28/P28_I30_S1/P28_I30_S1_genotype.tsv
/mnt/data/BIU Dropbox/Ayelet Peres/vdjbase_github/digby_data/AIRR-seq/Human/IGK/samples/P28/P28_I32_S1/P28_I32_S1_genotype.tsv
/mnt/data/BIU Dropbox/Ayelet Peres/vdjbase_github/digby_data/AIRR-seq/Human/IGK/samples/P28/P28_I34_S1/P28_I34_S1_genotype.tsv
/mnt/data/BIU Dropbox/Ayelet Peres/vdjbase_github/digby_data/AIRR-seq/Human/IGK/samples/P28/P28_I35_S1/P28_I35_S1_genotype.tsv
/mnt/data/BIU Dropbox/Ayelet Peres/vdjbase_github/digby_data/AIRR-seq/Human/IGK/samples/P28/P28_I36_S1/P28_I36_S1_genotype.tsv
/mnt/data/BIU Dropbox/Ayelet Peres/vdjbase_github/digby_data/AIRR-seq/Human/IGK/samples/P28/P28_I37_S1/P28_I37_S1_genotype.tsv
/mnt/data/BIU Dropbox/Ayelet Peres/vdjbase_github/digby_data/AIRR-seq/Human/IGK/samples/P28/P28_I39_S1/P28_I39_S1_genotype.tsv
/mnt/data/BIU Dropbox/Ayelet Peres/vdjbase_github/digby_data/AIRR-seq/Human/IGK/samples/P28/P28_I40_S1/P28_I40_S1_genotype.tsv
/mnt/data/BIU Dropbox/Ayelet Peres/vdjbase_github/digby_data/AIRR-seq/Human/IGK/samples/P28/P28_I41_S1/P28_I41_S1_genotype.tsv
/mnt/data/BIU Dropbox/Ayelet Peres/vdjbase_github/digby_data/AIRR-seq/Human/IGK/samples/P28/P28_I42_S1/P28_I42_S1_genotype.tsv
/mnt/data/BIU Dropbox/Ayelet Peres/vdjbase_github/digby_data/AIRR-seq/Human/IGK/samples/P28/P28_I43_S1/P28_I43_S1_genotype.tsv
/mnt/data/BIU Dropbox/Ayelet Peres/vdjbase_github/digby_data/AIRR-seq/Human/IGK/samples/P28/P28_I44_S1/P28_I44_S1_genotype.tsv
/mnt/data/BIU Dropbox/Ayelet Peres/vdjbase_github/digby_data/AIRR-seq/Human/IGK/samples/P28/P28_I45_S1/P28_I45_S1_genotype.tsv
/mnt/data/BIU Dropbox/Ayelet Peres/vdjbase_github/digby_data/AIRR-seq/Human/IGK/samples/P28/P28_I46_S1/P28_I46_S1_genotype.tsv
/mnt/data/BIU Dropbox/Ayelet Peres/vdjbase_github/digby_data/AIRR-seq/Human/IGK/samples/P28/P28_I48_S1/P28_I48_S1_genotype.tsv
/mnt/data/BIU Dropbox/Ayelet Peres/vdjbase_github/digby_data/AIRR-seq/Human/IGK/samples/P28/P28_I49_S1/P28_I49_S1_genotype.tsv
/mnt/data/BIU Dropbox/Ayelet Peres/vdjbase_github/digby_data/AIRR-seq/Human/IGK/samples/P28/P28_I4_S1/P28_I4_S1_genotype.tsv
/mnt/data/BIU Dropbox/Ayelet Peres/vdjbase_github/digby_data/AIRR-seq/Human/IGK/samples/P28/P28_I50_S1/P28_I50_S1_genotype.tsv
/mnt/data/BIU Dropbox/Ayelet Peres/vdjbase_github/digby_data/AIRR-seq/Human/IGK/samples/P28/P28_I51_S1/P28_I51_S1_genotype.tsv
/mnt/data/BIU Dropbox/Ayelet Peres/vdjbase_github/digby_data/AIRR-seq/Human/IGK/samples/P28/P28_I52_S1/P28_I52_S1_genotype.tsv
/mnt/data/BIU Dropbox/Ayelet Peres/vdjbase_github/digby_data/AIRR-seq/Human/IGK/samples/P28/P28_I53_S1/P28_I53_S1_genotype.tsv
/mnt/data/BIU Dropbox/Ayelet Peres/vdjbase_github/digby_data/AIRR-seq/Human/IGK/samples/P28/P28_I54_S1/P28_I54_S1_genotype.tsv
/mnt/data/BIU Dropbox/Ayelet Peres/vdjbase_github/digby_data/AIRR-seq/Human/IGK/samples/P28/P28_I57_S1/P28_I57_S1_genotype.tsv
/mnt/data/BIU Dropbox/Ayelet Peres/vdjbase_github/digby_data/AIRR-seq/Human/IGK/samples/P28/P28_I58_S1/P28_I58_S1_genotype.tsv
/mnt/data/BIU Dropbox/Ayelet Peres/vdjbase_github/digby_data/AIRR-seq/Human/IGK/samples/P28/P28_I59_S1/P28_I59_S1_genotype.tsv
/mnt/data/BIU Dropbox/Ayelet Peres/vdjbase_github/digby_data/AIRR-seq/Human/IGK/samples/P28/P28_I5_S1/P28_I5_S1_genotype.tsv
/mnt/data/BIU Dropbox/Ayelet Peres/vdjbase_github/digby_data/AIRR-seq/Human/IGK/samples/P28/P28_I60_S1/P28_I60_S1_genotype.tsv
/mnt/data/BIU Dropbox/Ayelet Peres/vdjbase_github/digby_data/AIRR-seq/Human/IGK/samples/P28/P28_I61_S1/P28_I61_S1_genotype.tsv
/mnt/data/BIU Dropbox/Ayelet Peres/vdjbase_github/digby_data/AIRR-seq/Human/IGK/samples/P28/P28_I62_S1/P28_I62_S1_genotype.tsv
/mnt/data/BIU Dropbox/Ayelet Peres/vdjbase_github/digby_data/AIRR-seq/Human/IGK/samples/P28/P28_I63_S1/P28_I63_S1_genotype.tsv
/mnt/data/BIU Dropbox/Ayelet Peres/vdjbase_github/digby_data/AIRR-seq/Human/IGK/samples/P28/P28_I64_S1/P28_I64_S1_genotype.tsv
/mnt/data/BIU Dropbox/Ayelet Peres/vdjbase_github/digby_data/AIRR-seq/Human/IGK/samples/P28/P28_I65_S1/P28_I65_S1_genotype.tsv
/mnt/data/BIU Dropbox/Ayelet Peres/vdjbase_github/digby_data/AIRR-seq/Human/IGK/samples/P28/P28_I66_S1/P28_I66_S1_genotype.tsv
/mnt/data/BIU Dropbox/Ayelet Peres/vdjbase_github/digby_data/AIRR-seq/Human/IGK/samples/P28/P28_I67_S1/P28_I67_S1_genotype.tsv
/mnt/data/BIU Dropbox/Ayelet Peres/vdjbase_github/digby_data/AIRR-seq/Human/IGK/samples/P28/P28_I68_S1/P28_I68_S1_genotype.tsv
/mnt/data/BIU Dropbox/Ayelet Peres/vdjbase_github/digby_data/AIRR-seq/Human/IGK/samples/P28/P28_I69_S1/P28_I69_S1_genotype.tsv
/mnt/data/BIU Dropbox/Ayelet Peres/vdjbase_github/digby_data/AIRR-seq/Human/IGK/samples/P28/P28_I6_S1/P28_I6_S1_genotype.tsv
/mnt/data/BIU Dropbox/Ayelet Peres/vdjbase_github/digby_data/AIRR-seq/Human/IGK/samples/P28/P28_I70_S1/P28_I70_S1_genotype.tsv
/mnt/data/BIU Dropbox/Ayelet Peres/vdjbase_github/digby_data/AIRR-seq/Human/IGK/samples/P28/P28_I71_S1/P28_I71_S1_genotype.tsv
/mnt/data/BIU Dropbox/Ayelet Peres/vdjbase_github/digby_data/AIRR-seq/Human/IGK/samples/P28/P28_I72_S1/P28_I72_S1_genotype.tsv
/mnt/data/BIU Dropbox/Ayelet Peres/vdjbase_github/digby_data/AIRR-seq/Human/IGK/samples/P28/P28_I73_S1/P28_I73_S1_genotype.tsv
/mnt/data/BIU Dropbox/Ayelet Peres/vdjbase_github/digby_data/AIRR-seq/Human/IGK/samples/P28/P28_I74_S1/P28_I74_S1_genotype.tsv
/mnt/data/BIU Dropbox/Ayelet Peres/vdjbase_github/digby_data/AIRR-seq/Human/IGK/samples/P28/P28_I75_S1/P28_I75_S1_genotype.tsv
/mnt/data/BIU Dropbox/Ayelet Peres/vdjbase_github/digby_data/AIRR-seq/Human/IGK/samples/P28/P28_I76_S1/P28_I76_S1_genotype.tsv
/mnt/data/BIU Dropbox/Ayelet Peres/vdjbase_github/digby_data/AIRR-seq/Human/IGK/samples/P28/P28_I77_S1/P28_I77_S1_genotype.tsv
/home/ayelet/miniconda3/envs/digby/lib/python3.9/site-packages/Bio/Seq.py:2879: BiopythonWarning: Partial codon, len(sequence) not a multiple of three. Explicitly trim the sequence or add trailing N before translation. This may become an error in future.
  warnings.warn(
/mnt/data/BIU Dropbox/Ayelet Peres/vdjbase_github/digby_data/AIRR-seq/Human/IGK/samples/P28/P28_I78_S1/P28_I78_S1_genotype.tsv
/mnt/data/BIU Dropbox/Ayelet Peres/vdjbase_github/digby_data/AIRR-seq/Human/IGK/samples/P28/P28_I79_S1/P28_I79_S1_genotype.tsv
/mnt/data/BIU Dropbox/Ayelet Peres/vdjbase_github/digby_data/AIRR-seq/Human/IGK/samples/P28/P28_I7_S1/P28_I7_S1_genotype.tsv
/mnt/data/BIU Dropbox/Ayelet Peres/vdjbase_github/digby_data/AIRR-seq/Human/IGK/samples/P28/P28_I81_S1/P28_I81_S1_genotype.tsv
adding similar allele IGKV2D-24*01
/mnt/data/BIU Dropbox/Ayelet Peres/vdjbase_github/digby_data/AIRR-seq/Human/IGK/samples/P28/P28_I82_S1/P28_I82_S1_genotype.tsv
/mnt/data/BIU Dropbox/Ayelet Peres/vdjbase_github/digby_data/AIRR-seq/Human/IGK/samples/P28/P28_I83_S1/P28_I83_S1_genotype.tsv
/mnt/data/BIU Dropbox/Ayelet Peres/vdjbase_github/digby_data/AIRR-seq/Human/IGK/samples/P28/P28_I85_S1/P28_I85_S1_genotype.tsv
/mnt/data/BIU Dropbox/Ayelet Peres/vdjbase_github/digby_data/AIRR-seq/Human/IGK/samples/P28/P28_I86_S1/P28_I86_S1_genotype.tsv
/mnt/data/BIU Dropbox/Ayelet Peres/vdjbase_github/digby_data/AIRR-seq/Human/IGK/samples/P28/P28_I87_S1/P28_I87_S1_genotype.tsv
/mnt/data/BIU Dropbox/Ayelet Peres/vdjbase_github/digby_data/AIRR-seq/Human/IGK/samples/P28/P28_I88_S1/P28_I88_S1_genotype.tsv
/mnt/data/BIU Dropbox/Ayelet Peres/vdjbase_github/digby_data/AIRR-seq/Human/IGK/samples/P28/P28_I89_S1/P28_I89_S1_genotype.tsv
/mnt/data/BIU Dropbox/Ayelet Peres/vdjbase_github/digby_data/AIRR-seq/Human/IGK/samples/P28/P28_I90_S1/P28_I90_S1_genotype.tsv
/mnt/data/BIU Dropbox/Ayelet Peres/vdjbase_github/digby_data/AIRR-seq/Human/IGK/samples/P28/P28_I91_S1/P28_I91_S1_genotype.tsv
/mnt/data/BIU Dropbox/Ayelet Peres/vdjbase_github/digby_data/AIRR-seq/Human/IGK/samples/P28/P28_I92_S1/P28_I92_S1_genotype.tsv
/mnt/data/BIU Dropbox/Ayelet Peres/vdjbase_github/digby_data/AIRR-seq/Human/IGK/samples/P28/P28_I93_S1/P28_I93_S1_genotype.tsv
/mnt/data/BIU Dropbox/Ayelet Peres/vdjbase_github/digby_data/AIRR-seq/Human/IGK/samples/P28/P28_I94_S1/P28_I94_S1_genotype.tsv
/mnt/data/BIU Dropbox/Ayelet Peres/vdjbase_github/digby_data/AIRR-seq/Human/IGK/samples/P28/P28_I95_S1/P28_I95_S1_genotype.tsv
/mnt/data/BIU Dropbox/Ayelet Peres/vdjbase_github/digby_data/AIRR-seq/Human/IGK/samples/P28/P28_I96_S1/P28_I96_S1_genotype.tsv
/mnt/data/BIU Dropbox/Ayelet Peres/vdjbase_github/digby_data/AIRR-seq/Human/IGK/samples/P28/P28_I97_S1/P28_I97_S1_genotype.tsv
/mnt/data/BIU Dropbox/Ayelet Peres/vdjbase_github/digby_data/AIRR-seq/Human/IGK/samples/P28/P28_I98_S1/P28_I98_S1_genotype.tsv
/mnt/data/BIU Dropbox/Ayelet Peres/vdjbase_github/digby_data/AIRR-seq/Human/IGK/samples/P28/P28_I99_S1/P28_I99_S1_genotype.tsv
/mnt/data/BIU Dropbox/Ayelet Peres/vdjbase_github/digby_data/AIRR-seq/Human/IGK/samples/P28/P28_I9_S1/P28_I9_S1_genotype.tsv
status: Processing alias sets
status: Processing haplotypes
status: Analyzing allele appearances
status: Calculating gene frequencies
status: Calculating patterns
status: Creating confidence reports
samples/P1/P1_I11_S1/P1_I11_S1_gene-IGKJ2-01_04_haplotype.tsv
samples/P1/P1_I12_S1/P1_I12_S1_gene-IGKJ2-01_04_haplotype.tsv
samples/P1/P1_I13_S1/P1_I13_S1_gene-IGKJ2-01_04_haplotype.tsv
samples/P1/P1_I14_S1/P1_I14_S1_gene-IGKJ2-01_03_haplotype.tsv
samples/P1/P1_I24_S1/P1_I24_S1_gene-IGKJ2-01_03_haplotype.tsv
samples/P1/P1_I30_S1/P1_I30_S1_gene-IGKJ2-01_04_haplotype.tsv
samples/P1/P1_I35_S1/P1_I35_S1_gene-IGKJ2-01_03_haplotype.tsv
samples/P1/P1_I36_S1/P1_I36_S1_gene-IGKJ2-01_04_haplotype.tsv
samples/P1/P1_I37_S1/P1_I37_S1_gene-IGKJ2-01_04_haplotype.tsv
samples/P1/P1_I3_S1/P1_I3_S1_gene-IGKJ2-01_04_haplotype.tsv
samples/P1/P1_I41_S1/P1_I41_S1_gene-IGKJ2-01_04_haplotype.tsv
samples/P1/P1_I47_S1/P1_I47_S1_gene-IGKJ2-01_04_haplotype.tsv
samples/P1/P1_I51_S1/P1_I51_S1_gene-IGKJ2-01_03_haplotype.tsv
samples/P1/P1_I53_S1/P1_I53_S1_gene-IGKJ2-03_04_haplotype.tsv
samples/P1/P1_I57_S1/P1_I57_S1_gene-IGKJ2-01_03_haplotype.tsv
samples/P1/P1_I58_S1/P1_I58_S1_gene-IGKJ2-01_04_haplotype.tsv
samples/P1/P1_I61_S1/P1_I61_S1_gene-IGKJ2-01_04_haplotype.tsv
either/or format in IGKV1D-42*01_02 ignored
samples/P1/P1_I64_S1/P1_I64_S1_gene-IGKJ2-01_04_haplotype.tsv
samples/P1/P1_I67_S1/P1_I67_S1_gene-IGKJ2-01_04_haplotype.tsv
samples/P1/P1_I70_S1/P1_I70_S1_gene-IGKJ2-01_04_haplotype.tsv
samples/P1/P1_I73_S1/P1_I73_S1_gene-IGKJ2-01_04_haplotype.tsv
samples/P1/P1_I74_S1/P1_I74_S1_gene-IGKJ2-01_04_haplotype.tsv
samples/P1/P1_I77_S1/P1_I77_S1_gene-IGKJ2-01_04_haplotype.tsv
samples/P1/P1_I85_S1/P1_I85_S1_gene-IGKJ2-01_03_haplotype.tsv
samples/P1/P1_I90_S1/P1_I90_S1_gene-IGKJ2-01_04_haplotype.tsv
samples/P1/P1_I93_S1/P1_I93_S1_gene-IGKJ2-01_04_haplotype.tsv
samples/P35/P35_I19_S1/P35_I19_S1_gene-IGKJ2-01_04_haplotype.tsv
samples/P35/P35_I1_S1/P35_I1_S1_gene-IGKJ2-01_04_haplotype.tsv
samples/P35/P35_I21_S1/P35_I21_S1_gene-IGKJ2-01_04_haplotype.tsv
samples/P35/P35_I29_S1/P35_I29_S1_gene-IGKJ2-01_04_haplotype.tsv
samples/P35/P35_I32_S1/P35_I32_S1_gene-IGKJ2-01_04_haplotype.tsv
samples/P35/P35_I33_S1/P35_I33_S1_gene-IGKJ2-01_04_haplotype.tsv
samples/P35/P35_I39_S1/P35_I39_S1_gene-IGKJ2-01_04_haplotype.tsv
samples/P35/P35_I41_S1/P35_I41_S1_gene-IGKJ2-01_04_haplotype.tsv
samples/P35/P35_I7_S1/P35_I7_S1_gene-IGKJ2-01_04_haplotype.tsv
Issues in ogrdbstats /mnt/data/BIU Dropbox/Ayelet Peres/vdjbase_github/digby_data/AIRR-seq/Human/IGK/samples/P35/P35_I28_S1/P35_I28_S1_ogrdb_report.csv:
 Novels listed in the INF_FILE but having no unambiguous calls in the repertoire: IGKV3D-15*01_C141G
 Novels not listed in the INF_FILE: 
Reference alleles added: 341 from the reference table, 0 from FASTA, 54 genes
Processing metadata
Adding deleted alleles
Processing genotype files
Processing alias set 2
Alias sets processed
Processing haplotype files
Updating allele appearance counts
Updating overall gene frequencies
Calculating patterns
Running confidence checks
BUILD_EXIT=0
